Component: Arm Compiler for Embedded 6.19 Tool: armlink [5e73cb00]

==============================================================================

Section Cross References

    main_1.o(.text.main) refers to lcd.o(.text.LCD_Init) for LCD_Init
    main_1.o(.text.main) refers to lcd.o(.text.LCD_Clear) for LCD_Clear
    main_1.o(.text.main) refers to lcd.o(.text.LCD_set_cursor) for LCD_set_cursor
    main_1.o(.text.main) refers to main_1.o(.rodata.str1.1) for .L.str
    main_1.o(.text.main) refers to lcd.o(.text.LCD_write_string) for LCD_write_string
    main_1.o(.text.main) refers to lcd.o(.text.LCD_print_int) for LCD_print_int
    main_1.o(.ARM.exidx.text.main) refers to main_1.o(.text.main) for [Anonymous Symbol]
    basic_io.o(.text.vPrintString) refers to tasks_1.o(.text.vTaskSuspendAll) for vTaskSuspendAll
    basic_io.o(.text.vPrintString) refers to basic_io.o(.bss.cBuffer) for cBuffer
    basic_io.o(.text.vPrintString) refers to basic_io.o(.rodata.str1.1) for .L.str
    basic_io.o(.text.vPrintString) refers to sprintf.o(.text) for sprintf
    basic_io.o(.text.vPrintString) refers to consoleprint.o(.text.consoleprint) for consoleprint
    basic_io.o(.text.vPrintString) refers to tasks_1.o(.text.xTaskResumeAll) for xTaskResumeAll
    basic_io.o(.ARM.exidx.text.vPrintString) refers to basic_io.o(.text.vPrintString) for [Anonymous Symbol]
    basic_io.o(.text.vPrintStringAndNumber) refers to tasks_1.o(.text.vTaskSuspendAll) for vTaskSuspendAll
    basic_io.o(.text.vPrintStringAndNumber) refers to basic_io.o(.bss.cBuffer) for cBuffer
    basic_io.o(.text.vPrintStringAndNumber) refers to basic_io.o(.rodata.str1.1) for .L.str.1
    basic_io.o(.text.vPrintStringAndNumber) refers to sprintf.o(.text) for sprintf
    basic_io.o(.text.vPrintStringAndNumber) refers to consoleprint.o(.text.consoleprint) for consoleprint
    basic_io.o(.text.vPrintStringAndNumber) refers to tasks_1.o(.text.xTaskResumeAll) for xTaskResumeAll
    basic_io.o(.ARM.exidx.text.vPrintStringAndNumber) refers to basic_io.o(.text.vPrintStringAndNumber) for [Anonymous Symbol]
    basic_io.o(.text.vPrintStringAndNumbers) refers to tasks_1.o(.text.vTaskSuspendAll) for vTaskSuspendAll
    basic_io.o(.text.vPrintStringAndNumbers) refers to basic_io.o(.bss.cBuffer) for cBuffer
    basic_io.o(.text.vPrintStringAndNumbers) refers to basic_io.o(.rodata.str1.1) for .L.str.2
    basic_io.o(.text.vPrintStringAndNumbers) refers to sprintf.o(.text) for sprintf
    basic_io.o(.text.vPrintStringAndNumbers) refers to consoleprint.o(.text.consoleprint) for consoleprint
    basic_io.o(.text.vPrintStringAndNumbers) refers to tasks_1.o(.text.xTaskResumeAll) for xTaskResumeAll
    basic_io.o(.ARM.exidx.text.vPrintStringAndNumbers) refers to basic_io.o(.text.vPrintStringAndNumbers) for [Anonymous Symbol]
    retarget.o(.text.__write) refers to retarget.o(.text.ITM_SendChar) for ITM_SendChar
    retarget.o(.ARM.exidx.text.__write) refers to retarget.o(.text.__write) for [Anonymous Symbol]
    retarget.o(.ARM.exidx.text.ITM_SendChar) refers to retarget.o(.text.ITM_SendChar) for [Anonymous Symbol]
    retarget.o(.ARM.exidx.text._sys_exit) refers to retarget.o(.text._sys_exit) for [Anonymous Symbol]
    lcd.o(.text.LCD_command) refers to lcd.o(.bss.lcdMutex) for lcdMutex
    lcd.o(.text.LCD_command) refers to queue.o(.text.xQueueSemaphoreTake) for xQueueSemaphoreTake
    lcd.o(.text.LCD_command) refers to lcd.o(.text.I2C1_Write_Multiple) for I2C1_Write_Multiple
    lcd.o(.text.LCD_command) refers to queue.o(.text.xQueueGenericSend) for xQueueGenericSend
    lcd.o(.text.LCD_command) refers to lcd.o(.text.delay_ms) for delay_ms
    lcd.o(.ARM.exidx.text.LCD_command) refers to lcd.o(.text.LCD_command) for [Anonymous Symbol]
    lcd.o(.text.I2C1_Write_Multiple) refers to lcd.o(.text.I2C_wait) for I2C_wait
    lcd.o(.ARM.exidx.text.I2C1_Write_Multiple) refers to lcd.o(.text.I2C1_Write_Multiple) for [Anonymous Symbol]
    lcd.o(.text.delay_ms) refers to tasks_1.o(.text.xTaskGetSchedulerState) for xTaskGetSchedulerState
    lcd.o(.text.delay_ms) refers to lludivv7m.o(.text) for __aeabi_uldivmod
    lcd.o(.text.delay_ms) refers to tasks_1.o(.text.vTaskDelay) for vTaskDelay
    lcd.o(.ARM.exidx.text.delay_ms) refers to lcd.o(.text.delay_ms) for [Anonymous Symbol]
    lcd.o(.text.LCD_data) refers to lcd.o(.bss.lcdMutex) for lcdMutex
    lcd.o(.text.LCD_data) refers to queue.o(.text.xQueueSemaphoreTake) for xQueueSemaphoreTake
    lcd.o(.text.LCD_data) refers to lcd.o(.text.I2C1_Write_Multiple) for I2C1_Write_Multiple
    lcd.o(.text.LCD_data) refers to queue.o(.text.xQueueGenericSend) for xQueueGenericSend
    lcd.o(.text.LCD_data) refers to lcd.o(.text.delay_ms) for delay_ms
    lcd.o(.ARM.exidx.text.LCD_data) refers to lcd.o(.text.LCD_data) for [Anonymous Symbol]
    lcd.o(.text.LCD_Init) refers to lcd.o(.text.I2C1_Init) for I2C1_Init
    lcd.o(.text.LCD_Init) refers to lcd.o(.bss.lcdMutex) for lcdMutex
[...]
    __tagsym$$used.1                         0x00001e20   Number         0  clib_os.o(.text._mutex_acquire)
    [Anonymous Symbol]                       0x00001e20   Section        0  clib_os.o(.text._mutex_acquire)
    __tagsym$$used.3                         0x00001e48   Number         0  clib_os.o(.text._mutex_free)
    [Anonymous Symbol]                       0x00001e48   Section        0  clib_os.o(.text._mutex_free)
    __tagsym$$used.0                         0x00001e9c   Number         0  clib_os.o(.text._mutex_initialize)
    [Anonymous Symbol]                       0x00001e9c   Section        0  clib_os.o(.text._mutex_initialize)
    __tagsym$$used.2                         0x00001f44   Number         0  clib_os.o(.text._mutex_release)
    [Anonymous Symbol]                       0x00001f44   Section        0  clib_os.o(.text._mutex_release)
    [Anonymous Symbol]                       0x00001f70   Section        0  clib_os.o(.text._platform_post_stackheap_init)
    [Anonymous Symbol]                       0x00001f74   Section        0  retarget.o(.text._sys_exit)
    delay_ms                                 0x00001f81   Thumb Code    76  lcd.o(.text.delay_ms)
    [Anonymous Symbol]                       0x00001f80   Section        0  lcd.o(.text.delay_ms)
    is_thread_mode                           0x00001fcd   Thumb Code    32  clib_os.o(.text.is_thread_mode)
    [Anonymous Symbol]                       0x00001fcc   Section        0  clib_os.o(.text.is_thread_mode)
    [Anonymous Symbol]                       0x00001fec   Section        0  main_1.o(.text.main)
    os_kernel_is_active                      0x00002029   Thumb Code    32  clib_os.o(.text.os_kernel_is_active)
    [Anonymous Symbol]                       0x00002028   Section        0  clib_os.o(.text.os_kernel_is_active)
    prvAddCurrentTaskToDelayedList           0x00002049   Thumb Code   270  tasks_1.o(.text.prvAddCurrentTaskToDelayedList)
    [Anonymous Symbol]                       0x00002048   Section        0  tasks_1.o(.text.prvAddCurrentTaskToDelayedList)
    prvCopyDataToQueue                       0x00002159   Thumb Code   204  queue.o(.text.prvCopyDataToQueue)
    [Anonymous Symbol]                       0x00002158   Section        0  queue.o(.text.prvCopyDataToQueue)
    prvGetDisinheritPriorityAfterTimeout     0x00002225   Thumb Code    38  queue.o(.text.prvGetDisinheritPriorityAfterTimeout)
    [Anonymous Symbol]                       0x00002224   Section        0  queue.o(.text.prvGetDisinheritPriorityAfterTimeout)
    prvHeapInit                              0x0000224d   Thumb Code   170  heap_4.o(.text.prvHeapInit)
    [Anonymous Symbol]                       0x0000224c   Section        0  heap_4.o(.text.prvHeapInit)
    prvInitialiseMutex                       0x000022f9   Thumb Code    44  queue.o(.text.prvInitialiseMutex)
    [Anonymous Symbol]                       0x000022f8   Section        0  queue.o(.text.prvInitialiseMutex)
    prvInitialiseNewQueue                    0x00002325   Thumb Code    72  queue.o(.text.prvInitialiseNewQueue)
    [Anonymous Symbol]                       0x00002324   Section        0  queue.o(.text.prvInitialiseNewQueue)
    prvInsertBlockIntoFreeList               0x0000236d   Thumb Code   216  heap_4.o(.text.prvInsertBlockIntoFreeList)
    [Anonymous Symbol]                       0x0000236c   Section        0  heap_4.o(.text.prvInsertBlockIntoFreeList)
    prvIsQueueEmpty                          0x00002445   Thumb Code    40  queue.o(.text.prvIsQueueEmpty)
    [Anonymous Symbol]                       0x00002444   Section        0  queue.o(.text.prvIsQueueEmpty)
    prvIsQueueFull                           0x0000246d   Thumb Code    46  queue.o(.text.prvIsQueueFull)
    [Anonymous Symbol]                       0x0000246c   Section        0  queue.o(.text.prvIsQueueFull)
    prvResetNextTaskUnblockTime              0x0000249d   Thumb Code    60  tasks_1.o(.text.prvResetNextTaskUnblockTime)
    [Anonymous Symbol]                       0x0000249c   Section        0  tasks_1.o(.text.prvResetNextTaskUnblockTime)
    prvUnlockQueue                           0x000024d9   Thumb Code   174  queue.o(.text.prvUnlockQueue)
    [Anonymous Symbol]                       0x000024d8   Section        0  queue.o(.text.prvUnlockQueue)
    [Anonymous Symbol]                       0x00002588   Section        0  heap_4.o(.text.pvPortMalloc)
    [Anonymous Symbol]                       0x00002740   Section        0  tasks_1.o(.text.pvTaskIncrementMutexHeldCount)
    [Anonymous Symbol]                       0x00002764   Section        0  list.o(.text.uxListRemove)
    [Anonymous Symbol]                       0x000027ac   Section        0  cmsis_os2.o(.text.vApplicationStackOverflowHook)
    [Anonymous Symbol]                       0x000027b8   Section        0  list.o(.text.vListInitialise)
    [Anonymous Symbol]                       0x000027e8   Section        0  list.o(.text.vListInsert)
    [Anonymous Symbol]                       0x00002854   Section        0  port.o(.text.vPortEnterCritical)
    [Anonymous Symbol]                       0x00002884   Section        0  port.o(.text.vPortExitCritical)
    [Anonymous Symbol]                       0x000028ac   Section        0  heap_4.o(.text.vPortFree)
    [Anonymous Symbol]                       0x00002924   Section        0  queue.o(.text.vQueueDelete)
    [Anonymous Symbol]                       0x00002948   Section        0  tasks_1.o(.text.vTaskDelay)
    [Anonymous Symbol]                       0x00002994   Section        0  tasks_1.o(.text.vTaskInternalSetTimeOutState)
    [Anonymous Symbol]                       0x000029b8   Section        0  tasks_1.o(.text.vTaskMissedYield)
    [Anonymous Symbol]                       0x000029c8   Section        0  tasks_1.o(.text.vTaskPlaceOnEventList)
    [Anonymous Symbol]                       0x000029f0   Section        0  tasks_1.o(.text.vTaskPriorityDisinheritAfterTimeout)
    [Anonymous Symbol]                       0x00002b28   Section        0  tasks_1.o(.text.vTaskSuspendAll)
    __tagsym$$used.0                         0x00002b38   Number         0  tasks_1.o(.text.vTaskSwitchContext)
    [Anonymous Symbol]                       0x00002b38   Section        0  tasks_1.o(.text.vTaskSwitchContext)
    [Anonymous Symbol]                       0x00002c54   Section        0  port.o(.text.xPortSysTickHandler)
    [Anonymous Symbol]                       0x00002c94   Section        0  queue.o(.text.xQueueCreateMutex)
    [Anonymous Symbol]                       0x00002cbc   Section        0  queue.o(.text.xQueueCreateMutexStatic)
    [Anonymous Symbol]                       0x00002cf0   Section        0  queue.o(.text.xQueueGenericCreate)
    [Anonymous Symbol]                       0x00002d78   Section        0  queue.o(.text.xQueueGenericCreateStatic)
    [Anonymous Symbol]                       0x00002de4   Section        0  queue.o(.text.xQueueGenericReset)
    [Anonymous Symbol]                       0x00002eb4   Section        0  queue.o(.text.xQueueGenericSend)
    [Anonymous Symbol]                       0x00003020   Section        0  queue.o(.text.xQueueSemaphoreTake)
    [Anonymous Symbol]                       0x000031c0   Section        0  tasks_1.o(.text.xTaskCheckForTimeOut)
    [Anonymous Symbol]                       0x00003284   Section        0  tasks_1.o(.text.xTaskGetSchedulerState)
    [Anonymous Symbol]                       0x000032bc   Section        0  tasks_1.o(.text.xTaskIncrementTick)
    [Anonymous Symbol]                       0x0000351c   Section        0  tasks_1.o(.text.xTaskPriorityDisinherit)
    [Anonymous Symbol]                       0x00003610   Section        0  tasks_1.o(.text.xTaskPriorityInherit)
    [Anonymous Symbol]                       0x0000376c   Section        0  tasks_1.o(.text.xTaskRemoveFromEventList)
    [Anonymous Symbol]                       0x00003900   Section        0  tasks_1.o(.text.xTaskResumeAll)
    CL$$btod_d2e                             0x00003b3e   Section       62  btod.o(CL$$btod_d2e)
    CL$$btod_d2e_denorm_low                  0x00003b7c   Section       70  btod.o(CL$$btod_d2e_denorm_low)
    CL$$btod_d2e_norm_op1                    0x00003bc2   Section       96  btod.o(CL$$btod_d2e_norm_op1)
    CL$$btod_div_common                      0x00003c24   Section      824  btod.o(CL$$btod_div_common)
    CL$$btod_e2e                             0x00003f5c   Section      220  btod.o(CL$$btod_e2e)
    CL$$btod_ediv                            0x00004038   Section       42  btod.o(CL$$btod_ediv)
    CL$$btod_emul                            0x00004062   Section       42  btod.o(CL$$btod_emul)
    CL$$btod_mult_common                     0x0000408c   Section      580  btod.o(CL$$btod_mult_common)
    i.__ARM_fpclassify                       0x000042d0   Section        0  fpclassify.o(i.__ARM_fpclassify)
    i._is_digit                              0x00004300   Section        0  __printf_wp.o(i._is_digit)
    locale$$code                             0x00004310   Section       44  lc_numeric_c.o(locale$$code)
    locale$$code                             0x0000433c   Section       44  lc_ctype_c.o(locale$$code)
    $v0                                      0x00004368   Number         0  fpinit.o(x$fpl$fpinit)
    x$fpl$fpinit                             0x00004368   Section       26  fpinit.o(x$fpl$fpinit)
    $v0                                      0x00004382   Number         0  printf1.o(x$fpl$printf1)
    x$fpl$printf1                            0x00004382   Section        4  printf1.o(x$fpl$printf1)
    $v0                                      0x00004386   Number         0  printf2.o(x$fpl$printf2)
    x$fpl$printf2                            0x00004386   Section        4  printf2.o(x$fpl$printf2)
    x$fpl$usenofp                            0x0000438a   Section        0  usenofp.o(x$fpl$usenofp)
    initial_mbstate                          0x0000438c   Data           8  _printf_wctomb.o(.constdata)
    .constdata                               0x0000438c   Section        8  _printf_wctomb.o(.constdata)
    uc_hextab                                0x00004394   Data          20  _printf_hex_int_ll_ptr.o(.constdata)
    .constdata                               0x00004394   Section       40  _printf_hex_int_ll_ptr.o(.constdata)
    lc_hextab                                0x000043a8   Data          20  _printf_hex_int_ll_ptr.o(.constdata)
    maptable                                 0x000043bc   Data          17  __printf_flags_ss_wp.o(.constdata)
    .constdata                               0x000043bc   Section       17  __printf_flags_ss_wp.o(.constdata)
    lc_hextab                                0x000043cd   Data          19  _printf_fp_hex.o(.constdata)
    .constdata                               0x000043cd   Section       38  _printf_fp_hex.o(.constdata)
    uc_hextab                                0x000043e0   Data          19  _printf_fp_hex.o(.constdata)
    tenpwrs_x                                0x000043f4   Data          60  bigflt0.o(.constdata)
    .constdata                               0x000043f4   Section      148  bigflt0.o(.constdata)
    tenpwrs_i                                0x00004430   Data          64  bigflt0.o(.constdata)
    .L.str                                   0x00004488   Data          15  main_1.o(.rodata.str1.1)
    [Anonymous Symbol]                       0x00004488   Section        0  main_1.o(.rodata.str1.1)
    .L.str                                   0x00004497   Data           3  lcd.o(.rodata.str1.1)
    [Anonymous Symbol]                       0x00004497   Section        0  lcd.o(.rodata.str1.1)
    locale$$data                             0x000044bc   Section       28  lc_numeric_c.o(locale$$data)
    __lcnum_c_name                           0x000044c0   Data           2  lc_numeric_c.o(locale$$data)
    __lcnum_c_start                          0x000044c8   Data           0  lc_numeric_c.o(locale$$data)
    __lcnum_c_point                          0x000044d4   Data           0  lc_numeric_c.o(locale$$data)
    __lcnum_c_thousands                      0x000044d6   Data           0  lc_numeric_c.o(locale$$data)
    __lcnum_c_grouping                       0x000044d7   Data           0  lc_numeric_c.o(locale$$data)
    __lcnum_c_end                            0x000044d8   Data           0  lc_numeric_c.o(locale$$data)
    locale$$data                             0x000044d8   Section      272  lc_ctype_c.o(locale$$data)
    __lcctype_c_name                         0x000044dc   Data           2  lc_ctype_c.o(locale$$data)
    __lcctype_c_start                        0x000044e4   Data           0  lc_ctype_c.o(locale$$data)
    __lcctype_c_end                          0x000045e8   Data           0  lc_ctype_c.o(locale$$data)
    uxCriticalNesting                        0x20000000   Data           4  port.o(.data.uxCriticalNesting)
    [Anonymous Symbol]                       0x20000000   Section        0  port.o(.data.uxCriticalNesting)
    .bss                                     0x20000008   Section       96  libspace.o(.bss)
    clib_mutex_cb                            0x20000068   Data         400  clib_os.o(.bss.clib_mutex_cb)
    [Anonymous Symbol]                       0x20000068   Section        0  clib_os.o(.bss.clib_mutex_cb)
    clib_mutex_id                            0x200001f8   Data          20  clib_os.o(.bss.clib_mutex_id)
    [Anonymous Symbol]                       0x200001f8   Section        0  clib_os.o(.bss.clib_mutex_id)
    lcdMutex                                 0x2000020c   Data           4  lcd.o(.bss.lcdMutex)
    [Anonymous Symbol]                       0x2000020c   Section        0  lcd.o(.bss.lcdMutex)
    __tagsym$$used.1                         0x20000210   Number         0  tasks_1.o(.bss.pxCurrentTCB)
    pxDelayedTaskList                        0x20000214   Data           4  tasks_1.o(.bss.pxDelayedTaskList)
    [Anonymous Symbol]                       0x20000214   Section        0  tasks_1.o(.bss.pxDelayedTaskList)
    pxEnd                                    0x20000218   Data           4  heap_4.o(.bss.pxEnd)
    [Anonymous Symbol]                       0x20000218   Section        0  heap_4.o(.bss.pxEnd)
    pxOverflowDelayedTaskList                0x2000021c   Data           4  tasks_1.o(.bss.pxOverflowDelayedTaskList)
    [Anonymous Symbol]                       0x2000021c   Section        0  tasks_1.o(.bss.pxOverflowDelayedTaskList)
    pxReadyTasksLists                        0x20000220   Data        1120  tasks_1.o(.bss.pxReadyTasksLists)
    [Anonymous Symbol]                       0x20000220   Section        0  tasks_1.o(.bss.pxReadyTasksLists)
    ucHeap                                   0x20000680   Data        8192  heap_4.o(.bss.ucHeap)
    [Anonymous Symbol]                       0x20000680   Section        0  heap_4.o(.bss.ucHeap)
    uxCurrentNumberOfTasks                   0x20002680   Data           4  tasks_1.o(.bss.uxCurrentNumberOfTasks)
    [Anonymous Symbol]                       0x20002680   Section        0  tasks_1.o(.bss.uxCurrentNumberOfTasks)
    uxSchedulerSuspended                     0x20002684   Data           4  tasks_1.o(.bss.uxSchedulerSuspended)
    [Anonymous Symbol]                       0x20002684   Section        0  tasks_1.o(.bss.uxSchedulerSuspended)
    uxTopReadyPriority                       0x20002688   Data           4  tasks_1.o(.bss.uxTopReadyPriority)
    [Anonymous Symbol]                       0x20002688   Section        0  tasks_1.o(.bss.uxTopReadyPriority)
    xFreeBytesRemaining                      0x2000268c   Data           4  heap_4.o(.bss.xFreeBytesRemaining)
    [Anonymous Symbol]                       0x2000268c   Section        0  heap_4.o(.bss.xFreeBytesRemaining)
    xMinimumEverFreeBytesRemaining           0x20002690   Data           4  heap_4.o(.bss.xMinimumEverFreeBytesRemaining)
    [Anonymous Symbol]                       0x20002690   Section        0  heap_4.o(.bss.xMinimumEverFreeBytesRemaining)
    xNextTaskUnblockTime                     0x20002694   Data           4  tasks_1.o(.bss.xNextTaskUnblockTime)
    [Anonymous Symbol]                       0x20002694   Section        0  tasks_1.o(.bss.xNextTaskUnblockTime)
    xNumOfOverflows                          0x20002698   Data           4  tasks_1.o(.bss.xNumOfOverflows)
    [Anonymous Symbol]                       0x20002698   Section        0  tasks_1.o(.bss.xNumOfOverflows)
    xNumberOfSuccessfulAllocations           0x2000269c   Data           4  heap_4.o(.bss.xNumberOfSuccessfulAllocations)
    [Anonymous Symbol]                       0x2000269c   Section        0  heap_4.o(.bss.xNumberOfSuccessfulAllocations)
    xNumberOfSuccessfulFrees                 0x200026a0   Data           4  heap_4.o(.bss.xNumberOfSuccessfulFrees)
    [Anonymous Symbol]                       0x200026a0   Section        0  heap_4.o(.bss.xNumberOfSuccessfulFrees)
    xPendedTicks                             0x200026a4   Data           4  tasks_1.o(.bss.xPendedTicks)
    [Anonymous Symbol]                       0x200026a4   Section        0  tasks_1.o(.bss.xPendedTicks)
    xPendingReadyList                        0x200026a8   Data          20  tasks_1.o(.bss.xPendingReadyList)
    [Anonymous Symbol]                       0x200026a8   Section        0  tasks_1.o(.bss.xPendingReadyList)
    xSchedulerRunning                        0x200026bc   Data           4  tasks_1.o(.bss.xSchedulerRunning)
    [Anonymous Symbol]                       0x200026bc   Section        0  tasks_1.o(.bss.xSchedulerRunning)
    xStart                                   0x200026c0   Data           8  heap_4.o(.bss.xStart)
    [Anonymous Symbol]                       0x200026c0   Section        0  heap_4.o(.bss.xStart)
    xSuspendedTaskList                       0x200026c8   Data          20  tasks_1.o(.bss.xSuspendedTaskList)
    [Anonymous Symbol]                       0x200026c8   Section        0  tasks_1.o(.bss.xSuspendedTaskList)
    xTickCount                               0x200026dc   Data           4  tasks_1.o(.bss.xTickCount)
    [Anonymous Symbol]                       0x200026dc   Section        0  tasks_1.o(.bss.xTickCount)
    xYieldPendings                           0x200026e0   Data           4  tasks_1.o(.bss.xYieldPendings)
    [Anonymous Symbol]                       0x200026e0   Section        0  tasks_1.o(.bss.xYieldPendings)
    Heap_Mem                                 0x200026e8   Data           0  startup_tm4c123.o(HEAP)
    Stack_Mem                                0x200026e8   Data         512  startup_tm4c123.o(STACK)
    HEAP                                     0x200026e8   Section        0  startup_tm4c123.o(HEAP)
    STACK                                    0x200026e8   Section      512  startup_tm4c123.o(STACK)
    __initial_sp                             0x200028e8   Data           0  startup_tm4c123.o(STACK)

    Global Symbols

    Symbol Name                              Value     Ov Type        Size  Object(Section)

    BuildAttributes$$THM_ISAv4$E$P$D$K$B$S$7EM$VFPi3$EXTD16$VFPS$VFMA$PE$A:L22UL41UL21$X:L11$S22US41US21$IEEE1$IW$~IW$USESV6$~STKCKD$USESV7$~SHL$OTIME$ROPI$IEEEJ$EBA8$UX$STANDARDLIB$REQ8$PRES8$EABIv2 0x00000000   Number         0  anon$$obj.o ABSOLUTE
    __Vectors                                0x00000000   Data           4  startup_tm4c123.o(RESET)
    _printf_flags                            0x00000000   Number         0  printf_stubs.o ABSOLUTE
    _printf_return_value                     0x00000000   Number         0  printf_stubs.o ABSOLUTE
    _printf_sizespec                         0x00000000   Number         0  printf_stubs.o ABSOLUTE
    _printf_widthprec                        0x00000000   Number         0  printf_stubs.o ABSOLUTE
    __ARM_exceptions_init                     - Undefined Weak Reference
    __alloca_initialize                       - Undefined Weak Reference
    __arm_preinit_                            - Undefined Weak Reference
    __arm_relocate_pie_                       - Undefined Weak Reference
    __cpp_initialize__aeabi_                  - Undefined Weak Reference
    __cxa_finalize                            - Undefined Weak Reference
    __sigvec_lookup                           - Undefined Weak Reference
    _atexit_init                              - Undefined Weak Reference
    _call_atexit_fns                          - Undefined Weak Reference
    _clock_init                               - Undefined Weak Reference
    _fp_trap_init                             - Undefined Weak Reference
    _fp_trap_shutdown                         - Undefined Weak Reference
    _get_lc_collate                           - Undefined Weak Reference
    _get_lc_monetary                          - Undefined Weak Reference
    _get_lc_time                              - Undefined Weak Reference
    _getenv_init                              - Undefined Weak Reference
    _handle_redirection                       - Undefined Weak Reference
    _init_alloc                               - Undefined Weak Reference
    _init_user_alloc                          - Undefined Weak Reference
    _initio                                   - Undefined Weak Reference
    _printf_mbtowc                            - Undefined Weak Reference
    _printf_wc                                - Undefined Weak Reference
    _rand_init                                - Undefined Weak Reference
    _signal_finish                            - Undefined Weak Reference
    _signal_init                              - Undefined Weak Reference
    _terminate_alloc                          - Undefined Weak Reference
    _terminate_user_alloc                     - Undefined Weak Reference
    _terminateio                              - Undefined Weak Reference
    __Vectors_End                            0x0000026c   Data           0  startup_tm4c123.o(RESET)
    __Vectors_Size                           0x0000026c   Number         0  startup_tm4c123.o ABSOLUTE
    __main                                   0x0000026d   Thumb Code     8  __main.o(!!!main)
    __scatterload                            0x00000275   Thumb Code     0  __scatter.o(!!!scatter)
    __scatterload_rt2                        0x00000275   Thumb Code    44  __scatter.o(!!!scatter)
    __scatterload_rt2_thumb_only             0x00000275   Thumb Code     0  __scatter.o(!!!scatter)
    __scatterload_null                       0x00000283   Thumb Code     0  __scatter.o(!!!scatter)
    __scatterload_copy                       0x000002a9   Thumb Code    26  __scatter_copy.o(!!handler_copy)
    __scatterload_zeroinit                   0x000002c5   Thumb Code    28  __scatter_zi.o(!!handler_zi)
    _printf_n                                0x000002e1   Thumb Code     0  _printf_n.o(.ARM.Collect$$_printf_percent$$00000001)
    _printf_percent                          0x000002e1   Thumb Code     0  _printf_percent.o(.ARM.Collect$$_printf_percent$$00000000)
    _printf_p                                0x000002e7   Thumb Code     0  _printf_p.o(.ARM.Collect$$_printf_percent$$00000002)
    _printf_f                                0x000002ed   Thumb Code     0  _printf_f.o(.ARM.Collect$$_printf_percent$$00000003)
    _printf_e                                0x000002f3   Thumb Code     0  _printf_e.o(.ARM.Collect$$_printf_percent$$00000004)
    _printf_g                                0x000002f9   Thumb Code     0  _printf_g.o(.ARM.Collect$$_printf_percent$$00000005)
    _printf_a                                0x000002ff   Thumb Code     0  _printf_a.o(.ARM.Collect$$_printf_percent$$00000006)
    _printf_ll                               0x00000305   Thumb Code     0  _printf_ll.o(.ARM.Collect$$_printf_percent$$00000007)
    _printf_i                                0x0000030f   Thumb Code     0  _printf_i.o(.ARM.Collect$$_printf_percent$$00000008)
    _printf_d                                0x00000315   Thumb Code     0  _printf_d.o(.ARM.Collect$$_printf_percent$$00000009)
    _printf_u                                0x0000031b   Thumb Code     0  _printf_u.o(.ARM.Collect$$_printf_percent$$0000000A)
    _printf_o                                0x00000321   Thumb Code     0  _printf_o.o(.ARM.Collect$$_printf_percent$$0000000B)
    _printf_x                                0x00000327   Thumb Code     0  _printf_x.o(.ARM.Collect$$_printf_percent$$0000000C)
    _printf_lli                              0x0000032d   Thumb Code     0  _printf_lli.o(.ARM.Collect$$_printf_percent$$0000000D)
    _printf_lld                              0x00000333   Thumb Code     0  _printf_lld.o(.ARM.Collect$$_printf_percent$$0000000E)
    _printf_llu                              0x00000339   Thumb Code     0  _printf_llu.o(.ARM.Collect$$_printf_percent$$0000000F)
    _printf_llo                              0x0000033f   Thumb Code     0  _printf_llo.o(.ARM.Collect$$_printf_percent$$00000010)
    _printf_llx                              0x00000345   Thumb Code     0  _printf_llx.o(.ARM.Collect$$_printf_percent$$00000011)
    _printf_l                                0x0000034b   Thumb Code     0  _printf_l.o(.ARM.Collect$$_printf_percent$$00000012)
    _printf_c                                0x00000355   Thumb Code     0  _printf_c.o(.ARM.Collect$$_printf_percent$$00000013)
    _printf_s                                0x0000035b   Thumb Code     0  _printf_s.o(.ARM.Collect$$_printf_percent$$00000014)
    _printf_lc                               0x00000361   Thumb Code     0  _printf_lc.o(.ARM.Collect$$_printf_percent$$00000015)
    _printf_ls                               0x00000367   Thumb Code     0  _printf_ls.o(.ARM.Collect$$_printf_percent$$00000016)
    _printf_percent_end                      0x0000036d   Thumb Code     0  _printf_percent_end.o(.ARM.Collect$$_printf_percent$$00000017)
    __rt_lib_init                            0x00000371   Thumb Code     0  libinit.o(.ARM.Collect$$libinit$$00000000)
    __rt_lib_init_fp_1                       0x00000373   Thumb Code     0  libinit2.o(.ARM.Collect$$libinit$$00000001)
    __rt_lib_init_heap_1                     0x00000377   Thumb Code     0  libinit2.o(.ARM.Collect$$libinit$$0000000C)
    __rt_lib_init_lc_common                  0x00000377   Thumb Code     0  libinit2.o(.ARM.Collect$$libinit$$00000011)
    __rt_lib_init_preinit_1                  0x00000377   Thumb Code     0  libinit2.o(.ARM.Collect$$libinit$$00000006)
    __rt_lib_init_rand_1                     0x00000377   Thumb Code     0  libinit2.o(.ARM.Collect$$libinit$$00000010)
    __rt_lib_init_relocate_pie_1             0x00000377   Thumb Code     0  libinit2.o(.ARM.Collect$$libinit$$00000004)
    __rt_lib_init_user_alloc_1               0x00000377   Thumb Code     0  libinit2.o(.ARM.Collect$$libinit$$0000000E)
    __rt_lib_init_lc_collate_1               0x0000037d   Thumb Code     0  libinit2.o(.ARM.Collect$$libinit$$00000013)
    __rt_lib_init_lc_ctype_2                 0x0000037d   Thumb Code     0  libinit2.o(.ARM.Collect$$libinit$$00000014)
    __rt_lib_init_lc_ctype_1                 0x00000389   Thumb Code     0  libinit2.o(.ARM.Collect$$libinit$$00000015)
    __rt_lib_init_lc_monetary_1              0x00000389   Thumb Code     0  libinit2.o(.ARM.Collect$$libinit$$00000017)
    __rt_lib_init_lc_numeric_2               0x00000389   Thumb Code     0  libinit2.o(.ARM.Collect$$libinit$$00000018)
    __rt_lib_init_alloca_1                   0x00000393   Thumb Code     0  libinit2.o(.ARM.Collect$$libinit$$00000030)
    __rt_lib_init_argv_1                     0x00000393   Thumb Code     0  libinit2.o(.ARM.Collect$$libinit$$0000002E)
    __rt_lib_init_atexit_1                   0x00000393   Thumb Code     0  libinit2.o(.ARM.Collect$$libinit$$0000001D)
    __rt_lib_init_clock_1                    0x00000393   Thumb Code     0  libinit2.o(.ARM.Collect$$libinit$$00000023)
    __rt_lib_init_cpp_1                      0x00000393   Thumb Code     0  libinit2.o(.ARM.Collect$$libinit$$00000034)
    __rt_lib_init_exceptions_1               0x00000393   Thumb Code     0  libinit2.o(.ARM.Collect$$libinit$$00000032)
    __rt_lib_init_fp_trap_1                  0x00000393   Thumb Code     0  libinit2.o(.ARM.Collect$$libinit$$00000021)
    __rt_lib_init_getenv_1                   0x00000393   Thumb Code     0  libinit2.o(.ARM.Collect$$libinit$$00000025)
    __rt_lib_init_lc_numeric_1               0x00000393   Thumb Code     0  libinit2.o(.ARM.Collect$$libinit$$00000019)
    __rt_lib_init_lc_time_1                  0x00000393   Thumb Code     0  libinit2.o(.ARM.Collect$$libinit$$0000001B)
    __rt_lib_init_return                     0x00000393   Thumb Code     0  libinit2.o(.ARM.Collect$$libinit$$00000035)
    __rt_lib_init_signal_1                   0x00000393   Thumb Code     0  libinit2.o(.ARM.Collect$$libinit$$0000001F)
    __rt_lib_init_stdio_1                    0x00000393   Thumb Code     0  libinit2.o(.ARM.Collect$$libinit$$00000027)
    __rt_lib_shutdown                        0x00000395   Thumb Code     0  libshutdown.o(.ARM.Collect$$libshutdown$$00000000)
    __rt_lib_shutdown_cpp_1                  0x00000397   Thumb Code     0  libshutdown2.o(.ARM.Collect$$libshutdown$$00000002)
    __rt_lib_shutdown_fp_trap_1              0x00000397   Thumb Code     0  libshutdown2.o(.ARM.Collect$$libshutdown$$00000007)
    __rt_lib_shutdown_heap_1                 0x00000397   Thumb Code     0  libshutdown2.o(.ARM.Collect$$libshutdown$$0000000F)
    __rt_lib_shutdown_return                 0x00000397   Thumb Code     0  libshutdown2.o(.ARM.Collect$$libshutdown$$00000010)
    __rt_lib_shutdown_signal_1               0x00000397   Thumb Code     0  libshutdown2.o(.ARM.Collect$$libshutdown$$0000000A)
    __rt_lib_shutdown_stdio_1                0x00000397   Thumb Code     0  libshutdown2.o(.ARM.Collect$$libshutdown$$00000004)
    __rt_lib_shutdown_user_alloc_1           0x00000397   Thumb Code     0  libshutdown2.o(.ARM.Collect$$libshutdown$$0000000C)
    __rt_entry                               0x00000399   Thumb Code     0  __rtentry.o(.ARM.Collect$$rtentry$$00000000)
    __rt_entry_presh_1                       0x00000399   Thumb Code     0  __rtentry2.o(.ARM.Collect$$rtentry$$00000002)
    __rt_entry_sh                            0x00000399   Thumb Code     0  __rtentry4.o(.ARM.Collect$$rtentry$$00000004)
    __rt_entry_postsh_1                      0x0000039f   Thumb Code     0  __rtentry2.o(.ARM.Collect$$rtentry$$00000008)
    __rt_entry_li                            0x000003a7   Thumb Code     0  __rtentry2.o(.ARM.Collect$$rtentry$$0000000A)
    __rt_entry_main                          0x000003ab   Thumb Code     0  __rtentry2.o(.ARM.Collect$$rtentry$$0000000D)
    __rt_entry_postli_1                      0x000003ab   Thumb Code     0  __rtentry2.o(.ARM.Collect$$rtentry$$0000000C)
    __rt_exit                                0x000003b3   Thumb Code     0  rtexit.o(.ARM.Collect$$rtexit$$00000000)
    __rt_exit_ls                             0x000003b5   Thumb Code     0  rtexit2.o(.ARM.Collect$$rtexit$$00000003)
    __rt_exit_prels_1                        0x000003b5   Thumb Code     0  rtexit2.o(.ARM.Collect$$rtexit$$00000002)
    __rt_exit_exit                           0x000003b9   Thumb Code     0  rtexit2.o(.ARM.Collect$$rtexit$$00000004)
    Reset_Handler                            0x000003c1   Thumb Code     8  startup_tm4c123.o(.text)
    NMI_Handler                              0x000003c9   Thumb Code     2  startup_tm4c123.o(.text)
    HardFault_Handler                        0x000003cb   Thumb Code     2  startup_tm4c123.o(.text)
    MemManage_Handler                        0x000003cd   Thumb Code     2  startup_tm4c123.o(.text)
    BusFault_Handler                         0x000003cf   Thumb Code     2  startup_tm4c123.o(.text)
    UsageFault_Handler                       0x000003d1   Thumb Code     2  startup_tm4c123.o(.text)
    DebugMon_Handler                         0x000003d5   Thumb Code     2  startup_tm4c123.o(.text)
    GPIOA_Handler                            0x000003db   Thumb Code     2  startup_tm4c123.o(.text)
    GPIOB_Handler                            0x000003dd   Thumb Code     2  startup_tm4c123.o(.text)
    GPIOC_Handler                            0x000003df   Thumb Code     2  startup_tm4c123.o(.text)
    GPIOD_Handler                            0x000003e1   Thumb Code     2  startup_tm4c123.o(.text)
    GPIOE_Handler                            0x000003e3   Thumb Code     2  startup_tm4c123.o(.text)
    UART0_Handler                            0x000003e5   Thumb Code     2  startup_tm4c123.o(.text)
    UART1_Handler                            0x000003e7   Thumb Code     2  startup_tm4c123.o(.text)
    SSI0_Handler                             0x000003e9   Thumb Code     2  startup_tm4c123.o(.text)
    I2C0_Handler                             0x000003eb   Thumb Code     2  startup_tm4c123.o(.text)
    PMW0_FAULT_Handler                       0x000003ed   Thumb Code     2  startup_tm4c123.o(.text)
    PWM0_0_Handler                           0x000003ef   Thumb Code     2  startup_tm4c123.o(.text)
    PWM0_1_Handler                           0x000003f1   Thumb Code     2  startup_tm4c123.o(.text)
    PWM0_2_Handler                           0x000003f3   Thumb Code     2  startup_tm4c123.o(.text)
    QEI0_Handler                             0x000003f5   Thumb Code     2  startup_tm4c123.o(.text)
    ADC0SS0_Handler                          0x000003f7   Thumb Code     2  startup_tm4c123.o(.text)
    ADC0SS1_Handler                          0x000003f9   Thumb Code     2  startup_tm4c123.o(.text)
    ADC0SS2_Handler                          0x000003fb   Thumb Code     2  startup_tm4c123.o(.text)
    ADC0SS3_Handler                          0x000003fd   Thumb Code     2  startup_tm4c123.o(.text)
    WDT0_Handler                             0x000003ff   Thumb Code     2  startup_tm4c123.o(.text)
    TIMER0A_Handler                          0x00000401   Thumb Code     2  startup_tm4c123.o(.text)
    TIMER0B_Handler                          0x00000403   Thumb Code     2  startup_tm4c123.o(.text)
    TIMER1A_Handler                          0x00000405   Thumb Code     2  startup_tm4c123.o(.text)
    TIMER1B_Handler                          0x00000407   Thumb Code     2  startup_tm4c123.o(.text)
    TIMER2A_Handler                          0x00000409   Thumb Code     2  startup_tm4c123.o(.text)
    TIMER2B_Handler                          0x0000040b   Thumb Code     2  startup_tm4c123.o(.text)
    COMP0_Handler                            0x0000040d   Thumb Code     2  startup_tm4c123.o(.text)
    COMP1_Handler                            0x0000040f   Thumb Code     2  startup_tm4c123.o(.text)
    COMP2_Handler                            0x00000411   Thumb Code     2  startup_tm4c123.o(.text)
    SYSCTL_Handler                           0x00000413   Thumb Code     2  startup_tm4c123.o(.text)
    FLASH_Handler                            0x00000415   Thumb Code     2  startup_tm4c123.o(.text)
    GPIOF_Handler                            0x00000417   Thumb Code     2  startup_tm4c123.o(.text)
    GPIOG_Handler                            0x00000419   Thumb Code     2  startup_tm4c123.o(.text)
    GPIOH_Handler                            0x0000041b   Thumb Code     2  startup_tm4c123.o(.text)
    UART2_Handler                            0x0000041d   Thumb Code     2  startup_tm4c123.o(.text)
    SSI1_Handler                             0x0000041f   Thumb Code     2  startup_tm4c123.o(.text)
    TIMER3A_Handler                          0x00000421   Thumb Code     2  startup_tm4c123.o(.text)
    TIMER3B_Handler                          0x00000423   Thumb Code     2  startup_tm4c123.o(.text)
    I2C1_Handler                             0x00000425   Thumb Code     2  startup_tm4c123.o(.text)
    QEI1_Handler                             0x00000427   Thumb Code     2  startup_tm4c123.o(.text)
    CAN0_Handler                             0x00000429   Thumb Code     2  startup_tm4c123.o(.text)
    CAN1_Handler                             0x0000042b   Thumb Code     2  startup_tm4c123.o(.text)
    CAN2_Handler                             0x0000042d   Thumb Code     2  startup_tm4c123.o(.text)
    HIB_Handler                              0x0000042f   Thumb Code     2  startup_tm4c123.o(.text)
    USB0_Handler                             0x00000431   Thumb Code     2  startup_tm4c123.o(.text)
    PWM0_3_Handler                           0x00000433   Thumb Code     2  startup_tm4c123.o(.text)
    UDMA_Handler                             0x00000435   Thumb Code     2  startup_tm4c123.o(.text)
    UDMAERR_Handler                          0x00000437   Thumb Code     2  startup_tm4c123.o(.text)
    ADC1SS0_Handler                          0x00000439   Thumb Code     2  startup_tm4c123.o(.text)
    ADC1SS1_Handler                          0x0000043b   Thumb Code     2  startup_tm4c123.o(.text)
    ADC1SS2_Handler                          0x0000043d   Thumb Code     2  startup_tm4c123.o(.text)
    ADC1SS3_Handler                          0x0000043f   Thumb Code     2  startup_tm4c123.o(.text)
    GPIOJ_Handler                            0x00000441   Thumb Code     2  startup_tm4c123.o(.text)
    GPIOK_Handler                            0x00000443   Thumb Code     2  startup_tm4c123.o(.text)
    GPIOL_Handler                            0x00000445   Thumb Code     2  startup_tm4c123.o(.text)
    SSI2_Handler                             0x00000447   Thumb Code     2  startup_tm4c123.o(.text)
    SSI3_Handler                             0x00000449   Thumb Code     2  startup_tm4c123.o(.text)
    UART3_Handler                            0x0000044b   Thumb Code     2  startup_tm4c123.o(.text)
    UART4_Handler                            0x0000044d   Thumb Code     2  startup_tm4c123.o(.text)
    UART5_Handler                            0x0000044f   Thumb Code     2  startup_tm4c123.o(.text)
    UART6_Handler                            0x00000451   Thumb Code     2  startup_tm4c123.o(.text)
    UART7_Handler                            0x00000453   Thumb Code     2  startup_tm4c123.o(.text)
    I2C2_Handler                             0x00000455   Thumb Code     2  startup_tm4c123.o(.text)
    I2C3_Handler                             0x00000457   Thumb Code     2  startup_tm4c123.o(.text)
    TIMER4A_Handler                          0x00000459   Thumb Code     2  startup_tm4c123.o(.text)
    TIMER4B_Handler                          0x0000045b   Thumb Code     2  startup_tm4c123.o(.text)
    TIMER5A_Handler                          0x0000045d   Thumb Code     2  startup_tm4c123.o(.text)
    TIMER5B_Handler                          0x0000045f   Thumb Code     2  startup_tm4c123.o(.text)
    WTIMER0A_Handler                         0x00000461   Thumb Code     2  startup_tm4c123.o(.text)
    WTIMER0B_Handler                         0x00000463   Thumb Code     2  startup_tm4c123.o(.text)
    WTIMER1A_Handler                         0x00000465   Thumb Code     2  startup_tm4c123.o(.text)
    WTIMER1B_Handler                         0x00000467   Thumb Code     2  startup_tm4c123.o(.text)
    WTIMER2A_Handler                         0x00000469   Thumb Code     2  startup_tm4c123.o(.text)
    WTIMER2B_Handler                         0x0000046b   Thumb Code     2  startup_tm4c123.o(.text)
    WTIMER3A_Handler                         0x0000046d   Thumb Code     2  startup_tm4c123.o(.text)
    WTIMER3B_Handler                         0x0000046f   Thumb Code     2  startup_tm4c123.o(.text)
    WTIMER4A_Handler                         0x00000471   Thumb Code     2  startup_tm4c123.o(.text)
    WTIMER4B_Handler                         0x00000473   Thumb Code     2  startup_tm4c123.o(.text)
    WTIMER5A_Handler                         0x00000475   Thumb Code     2  startup_tm4c123.o(.text)
    WTIMER5B_Handler                         0x00000477   Thumb Code     2  startup_tm4c123.o(.text)
    FPU_Handler                              0x00000479   Thumb Code     2  startup_tm4c123.o(.text)
    I2C4_Handler                             0x0000047b   Thumb Code     2  startup_tm4c123.o(.text)
    I2C5_Handler                             0x0000047d   Thumb Code     2  startup_tm4c123.o(.text)
    GPIOM_Handler                            0x0000047f   Thumb Code     2  startup_tm4c123.o(.text)
    GPION_Handler                            0x00000481   Thumb Code     2  startup_tm4c123.o(.text)
    QEI2_Handler                             0x00000483   Thumb Code     2  startup_tm4c123.o(.text)
    GPIOP0_Handler                           0x00000485   Thumb Code     2  startup_tm4c123.o(.text)
    GPIOP1_Handler                           0x00000487   Thumb Code     2  startup_tm4c123.o(.text)
    GPIOP2_Handler                           0x00000489   Thumb Code     2  startup_tm4c123.o(.text)
    GPIOP3_Handler                           0x0000048b   Thumb Code     2  startup_tm4c123.o(.text)
    GPIOP4_Handler                           0x0000048d   Thumb Code     2  startup_tm4c123.o(.text)
    GPIOP5_Handler                           0x0000048f   Thumb Code     2  startup_tm4c123.o(.text)
    GPIOP6_Handler                           0x00000491   Thumb Code     2  startup_tm4c123.o(.text)
    GPIOP7_Handler                           0x00000493   Thumb Code     2  startup_tm4c123.o(.text)
    GPIOQ0_Handler                           0x00000495   Thumb Code     2  startup_tm4c123.o(.text)
    GPIOQ1_Handler                           0x00000497   Thumb Code     2  startup_tm4c123.o(.text)
    GPIOQ2_Handler                           0x00000499   Thumb Code     2  startup_tm4c123.o(.text)
    GPIOQ3_Handler                           0x0000049b   Thumb Code     2  startup_tm4c123.o(.text)
    GPIOQ4_Handler                           0x0000049d   Thumb Code     2  startup_tm4c123.o(.text)
    GPIOQ5_Handler                           0x0000049f   Thumb Code     2  startup_tm4c123.o(.text)
    GPIOQ6_Handler                           0x000004a1   Thumb Code     2  startup_tm4c123.o(.text)
    GPIOQ7_Handler                           0x000004a3   Thumb Code     2  startup_tm4c123.o(.text)
    GPIOR_Handler                            0x000004a5   Thumb Code     2  startup_tm4c123.o(.text)
    GPIOS_Handler                            0x000004a7   Thumb Code     2  startup_tm4c123.o(.text)
    PMW1_0_Handler                           0x000004a9   Thumb Code     2  startup_tm4c123.o(.text)
    PWM1_1_Handler                           0x000004ab   Thumb Code     2  startup_tm4c123.o(.text)
    PWM1_2_Handler                           0x000004ad   Thumb Code     2  startup_tm4c123.o(.text)
    PWM1_3_Handler                           0x000004af   Thumb Code     2  startup_tm4c123.o(.text)
    PWM1_FAULT_Handler                       0x000004b1   Thumb Code     2  startup_tm4c123.o(.text)
    __user_initial_stackheap                 0x000004b5   Thumb Code     0  startup_tm4c123.o(.text)
    __aeabi_uldivmod                         0x000004d5   Thumb Code     0  lludivv7m.o(.text)
    _ll_udiv                                 0x000004d5   Thumb Code   240  lludivv7m.o(.text)
    snprintf                                 0x000005c5   Thumb Code    58  snprintf.o(.text)
    __aeabi_memcpy                           0x00000605   Thumb Code     0  rt_memcpy_v6.o(.text)
    __rt_memcpy                              0x00000605   Thumb Code   138  rt_memcpy_v6.o(.text)
    _memcpy_lastbytes                        0x0000066b   Thumb Code     0  rt_memcpy_v6.o(.text)
    strcmp                                   0x00000691   Thumb Code   124  strcmpv7em.o(.text)
    __use_two_region_memory                  0x0000070d   Thumb Code     2  heapauxi.o(.text)
    __rt_heap_escrow$2region                 0x0000070f   Thumb Code     2  heapauxi.o(.text)
    __rt_heap_expand$2region                 0x00000711   Thumb Code     2  heapauxi.o(.text)
    _printf_pre_padding                      0x00000713   Thumb Code    44  _printf_pad.o(.text)
    _printf_post_padding                     0x0000073f   Thumb Code    34  _printf_pad.o(.text)
    _printf_truncate_signed                  0x00000761   Thumb Code    18  _printf_truncate.o(.text)
    _printf_truncate_unsigned                0x00000773   Thumb Code    18  _printf_truncate.o(.text)
    _printf_str                              0x00000785   Thumb Code    82  _printf_str.o(.text)
    _printf_int_dec                          0x000007d9   Thumb Code   104  _printf_dec.o(.text)
    _printf_charcount                        0x00000851   Thumb Code    40  _printf_charcount.o(.text)
    _printf_char_common                      0x00000883   Thumb Code    32  _printf_char_common.o(.text)
    _snputc                                  0x000008a9   Thumb Code    16  _snputc.o(.text)
    _printf_wctomb                           0x000008b9   Thumb Code   182  _printf_wctomb.o(.text)
    _printf_longlong_dec                     0x00000975   Thumb Code   108  _printf_longlong_dec.o(.text)
    _printf_longlong_oct                     0x000009f1   Thumb Code    68  _printf_oct_int_ll.o(.text)
    _printf_int_oct                          0x00000a35   Thumb Code    24  _printf_oct_int_ll.o(.text)
    _printf_ll_oct                           0x00000a4d   Thumb Code    12  _printf_oct_int_ll.o(.text)
    _printf_longlong_hex                     0x00000a61   Thumb Code    86  _printf_hex_int_ll_ptr.o(.text)
    _printf_int_hex                          0x00000ab7   Thumb Code    28  _printf_hex_int_ll_ptr.o(.text)
    _printf_ll_hex                           0x00000ad3   Thumb Code    12  _printf_hex_int_ll_ptr.o(.text)
    _printf_hex_ptr                          0x00000adf   Thumb Code    18  _printf_hex_int_ll_ptr.o(.text)
    __printf                                 0x00000af5   Thumb Code   388  __printf_flags_ss_wp.o(.text)
    __aeabi_memcpy4                          0x00000c7d   Thumb Code     0  rt_memcpy_w.o(.text)
    __aeabi_memcpy8                          0x00000c7d   Thumb Code     0  rt_memcpy_w.o(.text)
    __rt_memcpy_w                            0x00000c7d   Thumb Code   100  rt_memcpy_w.o(.text)
    _memcpy_lastbytes_aligned                0x00000cc5   Thumb Code     0  rt_memcpy_w.o(.text)
    _ll_udiv10                               0x00000ce1   Thumb Code   138  lludiv10.o(.text)
    _printf_int_common                       0x00000d6b   Thumb Code   178  _printf_intcommon.o(.text)
    _printf_fp_dec_real                      0x00000fcd   Thumb Code   620  _printf_fp_dec.o(.text)
    _printf_fp_hex_real                      0x00001239   Thumb Code   756  _printf_fp_hex.o(.text)
    _printf_cs_common                        0x00001535   Thumb Code    20  _printf_char.o(.text)
    _printf_char                             0x00001549   Thumb Code    16  _printf_char.o(.text)
    _printf_string                           0x00001559   Thumb Code     8  _printf_char.o(.text)
    _printf_lcs_common                       0x00001561   Thumb Code    20  _printf_wchar.o(.text)
    _printf_wchar                            0x00001575   Thumb Code    16  _printf_wchar.o(.text)
    _printf_wstring                          0x00001585   Thumb Code     8  _printf_wchar.o(.text)
    _c16rtomb                                0x0000158d   Thumb Code    72  _c16rtomb.o(.text)
    _wcrtomb                                 0x0000158d   Thumb Code     0  _c16rtomb.o(.text)
    __user_setup_stackheap                   0x000015d5   Thumb Code    74  sys_stackheap_outer.o(.text)
    __rt_ctype_table                         0x00001621   Thumb Code    16  rt_ctype_table.o(.text)
    __rt_locale                              0x00001631   Thumb Code    10  rt_locale_twolibspace.o(.text)
    _printf_fp_infnan                        0x0000163d   Thumb Code   112  _printf_fp_infnan.o(.text)
    _btod_etento                             0x000016bd   Thumb Code   224  bigflt0.o(.text)
    exit                                     0x000017a1   Thumb Code    18  exit.o(.text)
    __user_libspace                          0x000017b5   Thumb Code     8  libspace.o(.text)
    __user_perproc_libspace                  0x000017b5   Thumb Code     0  libspace.o(.text)
    _fp_init                                 0x000017bd   Thumb Code    22  clib_os.o(.text.$Sub$$_fp_init)
    I2C1_Init                                0x000017d5   Thumb Code   150  lcd.o(.text.I2C1_Init)
    I2C1_Write_Multiple                      0x0000186d   Thumb Code   222  lcd.o(.text.I2C1_Write_Multiple)
    LCD_Clear                                0x00001971   Thumb Code    16  lcd.o(.text.LCD_Clear)
    LCD_Init                                 0x00001981   Thumb Code   252  lcd.o(.text.LCD_Init)
    LCD_command                              0x00001a7d   Thumb Code   172  lcd.o(.text.LCD_command)
    LCD_data                                 0x00001b29   Thumb Code   172  lcd.o(.text.LCD_data)
    LCD_print_int                            0x00001bd5   Thumb Code    36  lcd.o(.text.LCD_print_int)
    LCD_set_cursor                           0x00001bf9   Thumb Code    56  lcd.o(.text.LCD_set_cursor)
    LCD_write_string                         0x00001c31   Thumb Code    34  lcd.o(.text.LCD_write_string)
    PendSV_Handler                           0x00001c61   Thumb Code   100  port.o(.text.PendSV_Handler)
    SVC_Handler                              0x00001cd1   Thumb Code    36  port.o(.text.SVC_Handler)
    SysTick_Handler                          0x00001cf5   Thumb Code    30  cmsis_os2.o(.text.SysTick_Handler)
    SystemInit                               0x00001d15   Thumb Code   268  system_tm4c123.o(.text.SystemInit)
    _mutex_acquire                           0x00001e21   Thumb Code    40  clib_os.o(.text._mutex_acquire)
    _mutex_free                              0x00001e49   Thumb Code    84  clib_os.o(.text._mutex_free)
    _mutex_initialize                        0x00001e9d   Thumb Code   168  clib_os.o(.text._mutex_initialize)
    _mutex_release                           0x00001f45   Thumb Code    42  clib_os.o(.text._mutex_release)
    _platform_post_stackheap_init            0x00001f71   Thumb Code     2  clib_os.o(.text._platform_post_stackheap_init)
    _sys_exit                                0x00001f75   Thumb Code    10  retarget.o(.text._sys_exit)
    main                                     0x00001fed   Thumb Code    58  main_1.o(.text.main)
    pvPortMalloc                             0x00002589   Thumb Code   438  heap_4.o(.text.pvPortMalloc)
    pvTaskIncrementMutexHeldCount            0x00002741   Thumb Code    36  tasks_1.o(.text.pvTaskIncrementMutexHeldCount)
    uxListRemove                             0x00002765   Thumb Code    72  list.o(.text.uxListRemove)
    vApplicationStackOverflowHook            0x000027ad   Thumb Code    10  cmsis_os2.o(.text.vApplicationStackOverflowHook)
    vListInitialise                          0x000027b9   Thumb Code    46  list.o(.text.vListInitialise)
    vListInsert                              0x000027e9   Thumb Code   106  list.o(.text.vListInsert)
    vPortEnterCritical                       0x00002855   Thumb Code    48  port.o(.text.vPortEnterCritical)
    vPortExitCritical                        0x00002885   Thumb Code    38  port.o(.text.vPortExitCritical)
    vPortFree                                0x000028ad   Thumb Code   118  heap_4.o(.text.vPortFree)
    vQueueDelete                             0x00002925   Thumb Code    34  queue.o(.text.vQueueDelete)
    vTaskDelay                               0x00002949   Thumb Code    74  tasks_1.o(.text.vTaskDelay)
    vTaskInternalSetTimeOutState             0x00002995   Thumb Code    36  tasks_1.o(.text.vTaskInternalSetTimeOutState)
    vTaskMissedYield                         0x000029b9   Thumb Code    14  tasks_1.o(.text.vTaskMissedYield)
    vTaskPlaceOnEventList                    0x000029c9   Thumb Code    38  tasks_1.o(.text.vTaskPlaceOnEventList)
    vTaskPriorityDisinheritAfterTimeout      0x000029f1   Thumb Code   312  tasks_1.o(.text.vTaskPriorityDisinheritAfterTimeout)
    vTaskSuspendAll                          0x00002b29   Thumb Code    16  tasks_1.o(.text.vTaskSuspendAll)
    vTaskSwitchContext                       0x00002b39   Thumb Code   284  tasks_1.o(.text.vTaskSwitchContext)
    xPortSysTickHandler                      0x00002c55   Thumb Code    62  port.o(.text.xPortSysTickHandler)
    xQueueCreateMutex                        0x00002c95   Thumb Code    38  queue.o(.text.xQueueCreateMutex)
    xQueueCreateMutexStatic                  0x00002cbd   Thumb Code    50  queue.o(.text.xQueueCreateMutexStatic)
    xQueueGenericCreate                      0x00002cf1   Thumb Code   134  queue.o(.text.xQueueGenericCreate)
    xQueueGenericCreateStatic                0x00002d79   Thumb Code   108  queue.o(.text.xQueueGenericCreateStatic)
    xQueueGenericReset                       0x00002de5   Thumb Code   208  queue.o(.text.xQueueGenericReset)
    xQueueGenericSend                        0x00002eb5   Thumb Code   362  queue.o(.text.xQueueGenericSend)
    xQueueSemaphoreTake                      0x00003021   Thumb Code   414  queue.o(.text.xQueueSemaphoreTake)
    xTaskCheckForTimeOut                     0x000031c1   Thumb Code   196  tasks_1.o(.text.xTaskCheckForTimeOut)
    xTaskGetSchedulerState                   0x00003285   Thumb Code    56  tasks_1.o(.text.xTaskGetSchedulerState)
    xTaskIncrementTick                       0x000032bd   Thumb Code   606  tasks_1.o(.text.xTaskIncrementTick)
    xTaskPriorityDisinherit                  0x0000351d   Thumb Code   242  tasks_1.o(.text.xTaskPriorityDisinherit)
    xTaskPriorityInherit                     0x00003611   Thumb Code   348  tasks_1.o(.text.xTaskPriorityInherit)
    xTaskRemoveFromEventList                 0x0000376d   Thumb Code   404  tasks_1.o(.text.xTaskRemoveFromEventList)
    xTaskResumeAll                           0x00003901   Thumb Code   574  tasks_1.o(.text.xTaskResumeAll)
    _btod_d2e                                0x00003b3f   Thumb Code    62  btod.o(CL$$btod_d2e)
    _d2e_denorm_low                          0x00003b7d   Thumb Code    70  btod.o(CL$$btod_d2e_denorm_low)
    _d2e_norm_op1                            0x00003bc3   Thumb Code    96  btod.o(CL$$btod_d2e_norm_op1)
    __btod_div_common                        0x00003c25   Thumb Code   696  btod.o(CL$$btod_div_common)
    _e2e                                     0x00003f5d   Thumb Code   220  btod.o(CL$$btod_e2e)
    _btod_ediv                               0x00004039   Thumb Code    42  btod.o(CL$$btod_ediv)
    _btod_emul                               0x00004063   Thumb Code    42  btod.o(CL$$btod_emul)
    __btod_mult_common                       0x0000408d   Thumb Code   580  btod.o(CL$$btod_mult_common)
    __ARM_fpclassify                         0x000042d1   Thumb Code    48  fpclassify.o(i.__ARM_fpclassify)
    _is_digit                                0x00004301   Thumb Code    14  __printf_wp.o(i._is_digit)
    _get_lc_numeric                          0x00004311   Thumb Code    44  lc_numeric_c.o(locale$$code)
    _get_lc_ctype                            0x0000433d   Thumb Code    44  lc_ctype_c.o(locale$$code)
    $Super$$_fp_init                         0x00004369   Thumb Code    26  fpinit.o(x$fpl$fpinit)
    __fplib_config_fpu_vfp                   0x00004381   Thumb Code     0  fpinit.o(x$fpl$fpinit)
    __fplib_config_pureend_doubles           0x00004381   Thumb Code     0  fpinit.o(x$fpl$fpinit)
    _printf_fp_dec                           0x00004383   Thumb Code     4  printf1.o(x$fpl$printf1)
    _printf_fp_hex                           0x00004387   Thumb Code     4  printf2.o(x$fpl$printf2)
    __I$use$fp                               0x0000438a   Number         0  usenofp.o(x$fpl$usenofp)
    Region$$Table$$Base                      0x0000449c   Number         0  anon$$obj.o(Region$$Table)
    Region$$Table$$Limit                     0x000044bc   Number         0  anon$$obj.o(Region$$Table)
    __ctype                                  0x000044e5   Data           0  lc_ctype_c.o(locale$$data)
    __libspace_start                         0x20000008   Data          96  libspace.o(.bss)
    __temporary_stack_top$libspace           0x20000068   Data           0  libspace.o(.bss)
    pxCurrentTCB                             0x20000210   Data           4  tasks_1.o(.bss.pxCurrentTCB)



==============================================================================

Memory Map of the image

  Image Entry point : 0x000003c1

  Load Region LR_1 (Base: 0x00000000, Size: 0x000045ec, Max: 0xffffffff, ABSOLUTE)

    Execution Region ER_RO (Exec base: 0x00000000, Load base: 0x00000000, Size: 0x000045e8, Max: 0xffffffff, ABSOLUTE)

    Exec Addr    Load Addr    Size         Type   Attr      Idx    E Section Name        Object

    0x00000000   0x00000000   0x0000026c   Data   RO          337    RESET               startup_tm4c123.o
    0x0000026c   0x0000026c   0x00000008   Code   RO          849  * !!!main             c_w.l(__main.o)
    0x00000274   0x00000274   0x00000034   Code   RO         1196    !!!scatter          c_w.l(__scatter.o)
    0x000002a8   0x000002a8   0x0000001a   Code   RO         1198    !!handler_copy      c_w.l(__scatter_copy.o)
    0x000002c2   0x000002c2   0x00000002   PAD
    0x000002c4   0x000002c4   0x0000001c   Code   RO         1200    !!handler_zi        c_w.l(__scatter_zi.o)
    0x000002e0   0x000002e0   0x00000000   Code   RO          941    .ARM.Collect$$_printf_percent$$00000000  c_w.l(_printf_percent.o)
    0x000002e0   0x000002e0   0x00000006   Code   RO          930    .ARM.Collect$$_printf_percent$$00000001  c_w.l(_printf_n.o)
    0x000002e6   0x000002e6   0x00000006   Code   RO          932    .ARM.Collect$$_printf_percent$$00000002  c_w.l(_printf_p.o)
    0x000002ec   0x000002ec   0x00000006   Code   RO          937    .ARM.Collect$$_printf_percent$$00000003  c_w.l(_printf_f.o)
    0x000002f2   0x000002f2   0x00000006   Code   RO          938    .ARM.Collect$$_printf_percent$$00000004  c_w.l(_printf_e.o)
    0x000002f8   0x000002f8   0x00000006   Code   RO          939    .ARM.Collect$$_printf_percent$$00000005  c_w.l(_printf_g.o)
    0x000002fe   0x000002fe   0x00000006   Code   RO          940    .ARM.Collect$$_printf_percent$$00000006  c_w.l(_printf_a.o)
    0x00000304   0x00000304   0x0000000a   Code   RO          945    .ARM.Collect$$_printf_percent$$00000007  c_w.l(_printf_ll.o)
    0x0000030e   0x0000030e   0x00000006   Code   RO          934    .ARM.Collect$$_printf_percent$$00000008  c_w.l(_printf_i.o)
    0x00000314   0x00000314   0x00000006   Code   RO          935    .ARM.Collect$$_printf_percent$$00000009  c_w.l(_printf_d.o)
    0x0000031a   0x0000031a   0x00000006   Code   RO          936    .ARM.Collect$$_printf_percent$$0000000A  c_w.l(_printf_u.o)
    0x00000320   0x00000320   0x00000006   Code   RO          933    .ARM.Collect$$_printf_percent$$0000000B  c_w.l(_printf_o.o)
    0x00000326   0x00000326   0x00000006   Code   RO          931    .ARM.Collect$$_printf_percent$$0000000C  c_w.l(_printf_x.o)
    0x0000032c   0x0000032c   0x00000006   Code   RO          942    .ARM.Collect$$_printf_percent$$0000000D  c_w.l(_printf_lli.o)
    0x00000332   0x00000332   0x00000006   Code   RO          943    .ARM.Collect$$_printf_percent$$0000000E  c_w.l(_printf_lld.o)
    0x00000338   0x00000338   0x00000006   Code   RO          944    .ARM.Collect$$_printf_percent$$0000000F  c_w.l(_printf_llu.o)
    0x0000033e   0x0000033e   0x00000006   Code   RO          949    .ARM.Collect$$_printf_percent$$00000010  c_w.l(_printf_llo.o)
    0x00000344   0x00000344   0x00000006   Code   RO          950    .ARM.Collect$$_printf_percent$$00000011  c_w.l(_printf_llx.o)
    0x0000034a   0x0000034a   0x0000000a   Code   RO          946    .ARM.Collect$$_printf_percent$$00000012  c_w.l(_printf_l.o)
    0x00000354   0x00000354   0x00000006   Code   RO          928    .ARM.Collect$$_printf_percent$$00000013  c_w.l(_printf_c.o)
    0x0000035a   0x0000035a   0x00000006   Code   RO          929    .ARM.Collect$$_printf_percent$$00000014  c_w.l(_printf_s.o)
    0x00000360   0x00000360   0x00000006   Code   RO          947    .ARM.Collect$$_printf_percent$$00000015  c_w.l(_printf_lc.o)
    0x00000366   0x00000366   0x00000006   Code   RO          948    .ARM.Collect$$_printf_percent$$00000016  c_w.l(_printf_ls.o)
    0x0000036c   0x0000036c   0x00000004   Code   RO          997    .ARM.Collect$$_printf_percent$$00000017  c_w.l(_printf_percent_end.o)
    0x00000370   0x00000370   0x00000002   Code   RO         1052    .ARM.Collect$$libinit$$00000000  c_w.l(libinit.o)
    0x00000372   0x00000372   0x00000004   Code   RO         1074    .ARM.Collect$$libinit$$00000001  c_w.l(libinit2.o)
    0x00000376   0x00000376   0x00000000   Code   RO         1077    .ARM.Collect$$libinit$$00000004  c_w.l(libinit2.o)
    0x00000376   0x00000376   0x00000000   Code   RO         1079    .ARM.Collect$$libinit$$00000006  c_w.l(libinit2.o)
    0x00000376   0x00000376   0x00000000   Code   RO         1082    .ARM.Collect$$libinit$$0000000C  c_w.l(libinit2.o)
    0x00000376   0x00000376   0x00000000   Code   RO         1084    .ARM.Collect$$libinit$$0000000E  c_w.l(libinit2.o)
    0x00000376   0x00000376   0x00000000   Code   RO         1086    .ARM.Collect$$libinit$$00000010  c_w.l(libinit2.o)
    0x00000376   0x00000376   0x00000006   Code   RO         1087    .ARM.Collect$$libinit$$00000011  c_w.l(libinit2.o)
    0x0000037c   0x0000037c   0x00000000   Code   RO         1089    .ARM.Collect$$libinit$$00000013  c_w.l(libinit2.o)
    0x0000037c   0x0000037c   0x0000000c   Code   RO         1090    .ARM.Collect$$libinit$$00000014  c_w.l(libinit2.o)
    0x00000388   0x00000388   0x00000000   Code   RO         1091    .ARM.Collect$$libinit$$00000015  c_w.l(libinit2.o)
    0x00000388   0x00000388   0x00000000   Code   RO         1093    .ARM.Collect$$libinit$$00000017  c_w.l(libinit2.o)
    0x00000388   0x00000388   0x0000000a   Code   RO         1094    .ARM.Collect$$libinit$$00000018  c_w.l(libinit2.o)
    0x00000392   0x00000392   0x00000000   Code   RO         1095    .ARM.Collect$$libinit$$00000019  c_w.l(libinit2.o)
    0x00000392   0x00000392   0x00000000   Code   RO         1097    .ARM.Collect$$libinit$$0000001B  c_w.l(libinit2.o)
    0x00000392   0x00000392   0x00000000   Code   RO         1099    .ARM.Collect$$libinit$$0000001D  c_w.l(libinit2.o)
    0x00000392   0x00000392   0x00000000   Code   RO         1101    .ARM.Collect$$libinit$$0000001F  c_w.l(libinit2.o)
    0x00000392   0x00000392   0x00000000   Code   RO         1103    .ARM.Collect$$libinit$$00000021  c_w.l(libinit2.o)
    0x00000392   0x00000392   0x00000000   Code   RO         1105    .ARM.Collect$$libinit$$00000023  c_w.l(libinit2.o)
    0x00000392   0x00000392   0x00000000   Code   RO         1107    .ARM.Collect$$libinit$$00000025  c_w.l(libinit2.o)
    0x00000392   0x00000392   0x00000000   Code   RO         1109    .ARM.Collect$$libinit$$00000027  c_w.l(libinit2.o)
    0x00000392   0x00000392   0x00000000   Code   RO         1113    .ARM.Collect$$libinit$$0000002E  c_w.l(libinit2.o)
    0x00000392   0x00000392   0x00000000   Code   RO         1115    .ARM.Collect$$libinit$$00000030  c_w.l(libinit2.o)
    0x00000392   0x00000392   0x00000000   Code   RO         1117    .ARM.Collect$$libinit$$00000032  c_w.l(libinit2.o)
    0x00000392   0x00000392   0x00000000   Code   RO         1119    .ARM.Collect$$libinit$$00000034  c_w.l(libinit2.o)
    0x00000392   0x00000392   0x00000002   Code   RO         1120    .ARM.Collect$$libinit$$00000035  c_w.l(libinit2.o)
    0x00000394   0x00000394   0x00000002   Code   RO         1148    .ARM.Collect$$libshutdown$$00000000  c_w.l(libshutdown.o)
    0x00000396   0x00000396   0x00000000   Code   RO         1179    .ARM.Collect$$libshutdown$$00000002  c_w.l(libshutdown2.o)
    0x00000396   0x00000396   0x00000000   Code   RO         1181    .ARM.Collect$$libshutdown$$00000004  c_w.l(libshutdown2.o)
    0x00000396   0x00000396   0x00000000   Code   RO         1184    .ARM.Collect$$libshutdown$$00000007  c_w.l(libshutdown2.o)
    0x00000396   0x00000396   0x00000000   Code   RO         1187    .ARM.Collect$$libshutdown$$0000000A  c_w.l(libshutdown2.o)
    0x00000396   0x00000396   0x00000000   Code   RO         1189    .ARM.Collect$$libshutdown$$0000000C  c_w.l(libshutdown2.o)
    0x00000396   0x00000396   0x00000000   Code   RO         1192    .ARM.Collect$$libshutdown$$0000000F  c_w.l(libshutdown2.o)
    0x00000396   0x00000396   0x00000002   Code   RO         1193    .ARM.Collect$$libshutdown$$00000010  c_w.l(libshutdown2.o)
    0x00000398   0x00000398   0x00000000   Code   RO          853    .ARM.Collect$$rtentry$$00000000  c_w.l(__rtentry.o)
    0x00000398   0x00000398   0x00000000   Code   RO          964    .ARM.Collect$$rtentry$$00000002  c_w.l(__rtentry2.o)
    0x00000398   0x00000398   0x00000006   Code   RO          976    .ARM.Collect$$rtentry$$00000004  c_w.l(__rtentry4.o)
    0x0000039e   0x0000039e   0x00000008   Code   RO          965    .ARM.Collect$$rtentry$$00000008  c_w.l(__rtentry2.o)
    0x000003a6   0x000003a6   0x00000004   Code   RO          967    .ARM.Collect$$rtentry$$0000000A  c_w.l(__rtentry2.o)
    0x000003aa   0x000003aa   0x00000000   Code   RO          969    .ARM.Collect$$rtentry$$0000000C  c_w.l(__rtentry2.o)
    0x000003aa   0x000003aa   0x00000008   Code   RO          970    .ARM.Collect$$rtentry$$0000000D  c_w.l(__rtentry2.o)
    0x000003b2   0x000003b2   0x00000002   Code   RO         1061    .ARM.Collect$$rtexit$$00000000  c_w.l(rtexit.o)
    0x000003b4   0x000003b4   0x00000000   Code   RO         1122    .ARM.Collect$$rtexit$$00000002  c_w.l(rtexit2.o)
    0x000003b4   0x000003b4   0x00000004   Code   RO         1123    .ARM.Collect$$rtexit$$00000003  c_w.l(rtexit2.o)
    0x000003b8   0x000003b8   0x00000006   Code   RO         1124    .ARM.Collect$$rtexit$$00000004  c_w.l(rtexit2.o)
    0x000003be   0x000003be   0x00000002   PAD
    0x000003c0   0x000003c0   0x00000114   Code   RO          338  * .text               startup_tm4c123.o
    0x000004d4   0x000004d4   0x000000f0   Code   RO          831    .text               c_w.l(lludivv7m.o)
    0x000005c4   0x000005c4   0x00000040   Code   RO          835    .text               c_w.l(snprintf.o)
    0x00000604   0x00000604   0x0000008a   Code   RO          839    .text               c_w.l(rt_memcpy_v6.o)
    0x0000068e   0x0000068e   0x00000002   PAD
    0x00000690   0x00000690   0x0000007c   Code   RO          845    .text               c_w.l(strcmpv7em.o)
    0x0000070c   0x0000070c   0x00000006   Code   RO          847    .text               c_w.l(heapauxi.o)
    0x00000712   0x00000712   0x0000004e   Code   RO          860    .text               c_w.l(_printf_pad.o)
    0x00000760   0x00000760   0x00000024   Code   RO          862    .text               c_w.l(_printf_truncate.o)
    0x00000784   0x00000784   0x00000052   Code   RO          864    .text               c_w.l(_printf_str.o)
    0x000007d6   0x000007d6   0x00000002   PAD
    0x000007d8   0x000007d8   0x00000078   Code   RO          866    .text               c_w.l(_printf_dec.o)
    0x00000850   0x00000850   0x00000028   Code   RO          868    .text               c_w.l(_printf_charcount.o)
    0x00000878   0x00000878   0x00000030   Code   RO          870    .text               c_w.l(_printf_char_common.o)
    0x000008a8   0x000008a8   0x00000010   Code   RO          874    .text               c_w.l(_snputc.o)
    0x000008b8   0x000008b8   0x000000bc   Code   RO          876    .text               c_w.l(_printf_wctomb.o)
    0x00000974   0x00000974   0x0000007c   Code   RO          879    .text               c_w.l(_printf_longlong_dec.o)
    0x000009f0   0x000009f0   0x00000070   Code   RO          885    .text               c_w.l(_printf_oct_int_ll.o)
    0x00000a60   0x00000a60   0x00000094   Code   RO          905    .text               c_w.l(_printf_hex_int_ll_ptr.o)
    0x00000af4   0x00000af4   0x00000188   Code   RO          925    .text               c_w.l(__printf_flags_ss_wp.o)
    0x00000c7c   0x00000c7c   0x00000064   Code   RO          951    .text               c_w.l(rt_memcpy_w.o)
    0x00000ce0   0x00000ce0   0x0000008a   Code   RO          980    .text               c_w.l(lludiv10.o)
    0x00000d6a   0x00000d6a   0x000000b2   Code   RO          982    .text               c_w.l(_printf_intcommon.o)
    0x00000e1c   0x00000e1c   0x0000041c   Code   RO          984    .text               c_w.l(_printf_fp_dec.o)
    0x00001238   0x00001238   0x000002fc   Code   RO          988    .text               c_w.l(_printf_fp_hex.o)
    0x00001534   0x00001534   0x0000002c   Code   RO          993    .text               c_w.l(_printf_char.o)
    0x00001560   0x00001560   0x0000002c   Code   RO          995    .text               c_w.l(_printf_wchar.o)
    0x0000158c   0x0000158c   0x00000048   Code   RO          998    .text               c_w.l(_c16rtomb.o)
    0x000015d4   0x000015d4   0x0000004a   Code   RO         1000    .text               c_w.l(sys_stackheap_outer.o)
    0x0000161e   0x0000161e   0x00000002   PAD
    0x00001620   0x00001620   0x00000010   Code   RO         1002    .text               c_w.l(rt_ctype_table.o)
    0x00001630   0x00001630   0x0000000a   Code   RO         1009    .text               c_w.l(rt_locale_twolibspace.o)
    0x0000163a   0x0000163a   0x00000002   PAD
    0x0000163c   0x0000163c   0x00000080   Code   RO         1011    .text               c_w.l(_printf_fp_infnan.o)
    0x000016bc   0x000016bc   0x000000e4   Code   RO         1013    .text               c_w.l(bigflt0.o)
    0x000017a0   0x000017a0   0x00000012   Code   RO         1043    .text               c_w.l(exit.o)
    0x000017b2   0x000017b2   0x00000002   PAD
    0x000017b4   0x000017b4   0x00000008   Code   RO         1058    .text               c_w.l(libspace.o)
    0x000017bc   0x000017bc   0x00000016   Code   RO           84    .text.$Sub$$_fp_init  clib_os.o
    0x000017d2   0x000017d2   0x00000002   PAD
    0x000017d4   0x000017d4   0x00000096   Code   RO           50    .text.I2C1_Init     lcd.o
    0x0000186a   0x0000186a   0x00000002   PAD
    0x0000186c   0x0000186c   0x000000de   Code   RO           42    .text.I2C1_Write_Multiple  lcd.o
    0x0000194a   0x0000194a   0x00000002   PAD
    0x0000194c   0x0000194c   0x00000024   Code   RO           62    .text.I2C_wait      lcd.o
    0x00001970   0x00001970   0x00000010   Code   RO           52    .text.LCD_Clear     lcd.o
    0x00001980   0x00001980   0x000000fc   Code   RO           48    .text.LCD_Init      lcd.o
    0x00001a7c   0x00001a7c   0x000000ac   Code   RO           40    .text.LCD_command   lcd.o
    0x00001b28   0x00001b28   0x000000ac   Code   RO           46    .text.LCD_data      lcd.o
    0x00001bd4   0x00001bd4   0x00000024   Code   RO           58    .text.LCD_print_int  lcd.o
    0x00001bf8   0x00001bf8   0x00000038   Code   RO           54    .text.LCD_set_cursor  lcd.o
    0x00001c30   0x00001c30   0x00000022   Code   RO           56    .text.LCD_write_string  lcd.o
    0x00001c52   0x00001c52   0x0000000e   PAD
    0x00001c60   0x00001c60   0x00000064   Code   RO          436    .text.PendSV_Handler  port.o
    0x00001cc4   0x00001cc4   0x0000000c   PAD
    0x00001cd0   0x00001cd0   0x00000024   Code   RO          420    .text.SVC_Handler   port.o
    0x00001cf4   0x00001cf4   0x0000001e   Code   RO          111    .text.SysTick_Handler  cmsis_os2.o
    0x00001d12   0x00001d12   0x00000002   PAD
    0x00001d14   0x00001d14   0x0000010c   Code   RO          349    .text.SystemInit    system_tm4c123.o
    0x00001e20   0x00001e20   0x00000028   Code   RO           92    .text._mutex_acquire  clib_os.o
    0x00001e48   0x00001e48   0x00000054   Code   RO           98    .text._mutex_free   clib_os.o
    0x00001e9c   0x00001e9c   0x000000a8   Code   RO           90    .text._mutex_initialize  clib_os.o
    0x00001f44   0x00001f44   0x0000002a   Code   RO           96    .text._mutex_release  clib_os.o
    0x00001f6e   0x00001f6e   0x00000002   PAD
    0x00001f70   0x00001f70   0x00000002   Code   RO           82    .text._platform_post_stackheap_init  clib_os.o
    0x00001f72   0x00001f72   0x00000002   PAD
    0x00001f74   0x00001f74   0x0000000a   Code   RO           31    .text._sys_exit     retarget.o
    0x00001f7e   0x00001f7e   0x00000002   PAD
    0x00001f80   0x00001f80   0x0000004c   Code   RO           44    .text.delay_ms      lcd.o
    0x00001fcc   0x00001fcc   0x00000020   Code   RO           94    .text.is_thread_mode  clib_os.o
    0x00001fec   0x00001fec   0x0000003a   Code   RO            2    .text.main          main_1.o
    0x00002026   0x00002026   0x00000002   PAD
    0x00002028   0x00002028   0x00000020   Code   RO           88    .text.os_kernel_is_active  clib_os.o
    0x00002048   0x00002048   0x0000010e   Code   RO          589    .text.prvAddCurrentTaskToDelayedList  tasks_1.o
    0x00002156   0x00002156   0x00000002   PAD
    0x00002158   0x00002158   0x000000cc   Code   RO          514    .text.prvCopyDataToQueue  queue.o
    0x00002224   0x00002224   0x00000026   Code   RO          530    .text.prvGetDisinheritPriorityAfterTimeout  queue.o
    0x0000224a   0x0000224a   0x00000002   PAD
    0x0000224c   0x0000224c   0x000000aa   Code   RO          450    .text.prvHeapInit   heap_4.o
    0x000022f6   0x000022f6   0x00000002   PAD
    0x000022f8   0x000022f8   0x0000002c   Code   RO          494    .text.prvInitialiseMutex  queue.o
    0x00002324   0x00002324   0x00000048   Code   RO          486    .text.prvInitialiseNewQueue  queue.o
    0x0000236c   0x0000236c   0x000000d8   Code   RO          454    .text.prvInsertBlockIntoFreeList  heap_4.o
    0x00002444   0x00002444   0x00000028   Code   RO          528    .text.prvIsQueueEmpty  queue.o
    0x0000246c   0x0000246c   0x0000002e   Code   RO          516    .text.prvIsQueueFull  queue.o
    0x0000249a   0x0000249a   0x00000002   PAD
    0x0000249c   0x0000249c   0x0000003c   Code   RO          581    .text.prvResetNextTaskUnblockTime  tasks_1.o
    0x000024d8   0x000024d8   0x000000ae   Code   RO          518    .text.prvUnlockQueue  queue.o
    0x00002586   0x00002586   0x00000002   PAD
    0x00002588   0x00002588   0x000001b6   Code   RO          448    .text.pvPortMalloc  heap_4.o
    0x0000273e   0x0000273e   0x00000002   PAD
    0x00002740   0x00002740   0x00000024   Code   RO          687    .text.pvTaskIncrementMutexHeldCount  tasks_1.o
    0x00002764   0x00002764   0x00000048   Code   RO          407    .text.uxListRemove  list.o
    0x000027ac   0x000027ac   0x0000000a   Code   RO          265    .text.vApplicationStackOverflowHook  cmsis_os2.o
    0x000027b6   0x000027b6   0x00000002   PAD
    0x000027b8   0x000027b8   0x0000002e   Code   RO          399    .text.vListInitialise  list.o
    0x000027e6   0x000027e6   0x00000002   PAD
    0x000027e8   0x000027e8   0x0000006a   Code   RO          405    .text.vListInsert   list.o
    0x00002852   0x00002852   0x00000002   PAD
    0x00002854   0x00002854   0x00000030   Code   RO          432    .text.vPortEnterCritical  port.o
    0x00002884   0x00002884   0x00000026   Code   RO          434    .text.vPortExitCritical  port.o
    0x000028aa   0x000028aa   0x00000002   PAD
    0x000028ac   0x000028ac   0x00000076   Code   RO          452    .text.vPortFree     heap_4.o
    0x00002922   0x00002922   0x00000002   PAD
    0x00002924   0x00002924   0x00000022   Code   RO          544    .text.vQueueDelete  queue.o
    0x00002946   0x00002946   0x00000002   PAD
    0x00002948   0x00002948   0x0000004a   Code   RO          593    .text.vTaskDelay    tasks_1.o
    0x00002992   0x00002992   0x00000002   PAD
    0x00002994   0x00002994   0x00000024   Code   RO          657    .text.vTaskInternalSetTimeOutState  tasks_1.o
    0x000029b8   0x000029b8   0x0000000e   Code   RO          661    .text.vTaskMissedYield  tasks_1.o
    0x000029c6   0x000029c6   0x00000002   PAD
    0x000029c8   0x000029c8   0x00000026   Code   RO          645    .text.vTaskPlaceOnEventList  tasks_1.o
    0x000029ee   0x000029ee   0x00000002   PAD
    0x000029f0   0x000029f0   0x00000138   Code   RO          683    .text.vTaskPriorityDisinheritAfterTimeout  tasks_1.o
    0x00002b28   0x00002b28   0x00000010   Code   RO          587    .text.vTaskSuspendAll  tasks_1.o
    0x00002b38   0x00002b38   0x0000011c   Code   RO          609    .text.vTaskSwitchContext  tasks_1.o
    0x00002c54   0x00002c54   0x0000003e   Code   RO          438    .text.xPortSysTickHandler  port.o
    0x00002c92   0x00002c92   0x00000002   PAD
    0x00002c94   0x00002c94   0x00000026   Code   RO          492    .text.xQueueCreateMutex  queue.o
    0x00002cba   0x00002cba   0x00000002   PAD
    0x00002cbc   0x00002cbc   0x00000032   Code   RO          496    .text.xQueueCreateMutexStatic  queue.o
    0x00002cee   0x00002cee   0x00000002   PAD
    0x00002cf0   0x00002cf0   0x00000086   Code   RO          490    .text.xQueueGenericCreate  queue.o
    0x00002d76   0x00002d76   0x00000002   PAD
    0x00002d78   0x00002d78   0x0000006c   Code   RO          484    .text.xQueueGenericCreateStatic  queue.o
    0x00002de4   0x00002de4   0x000000d0   Code   RO          482    .text.xQueueGenericReset  queue.o
    0x00002eb4   0x00002eb4   0x0000016a   Code   RO          504    .text.xQueueGenericSend  queue.o
    0x0000301e   0x0000301e   0x00000002   PAD
    0x00003020   0x00003020   0x0000019e   Code   RO          508    .text.xQueueSemaphoreTake  queue.o
    0x000031be   0x000031be   0x00000002   PAD
    0x000031c0   0x000031c0   0x000000c4   Code   RO          659    .text.xTaskCheckForTimeOut  tasks_1.o
    0x00003284   0x00003284   0x00000038   Code   RO          677    .text.xTaskGetSchedulerState  tasks_1.o
    0x000032bc   0x000032bc   0x0000025e   Code   RO          625    .text.xTaskIncrementTick  tasks_1.o
    0x0000351a   0x0000351a   0x00000002   PAD
    0x0000351c   0x0000351c   0x000000f2   Code   RO          681    .text.xTaskPriorityDisinherit  tasks_1.o
    0x0000360e   0x0000360e   0x00000002   PAD
    0x00003610   0x00003610   0x0000015c   Code   RO          679    .text.xTaskPriorityInherit  tasks_1.o
    0x0000376c   0x0000376c   0x00000194   Code   RO          651    .text.xTaskRemoveFromEventList  tasks_1.o
    0x00003900   0x00003900   0x0000023e   Code   RO          591    .text.xTaskResumeAll  tasks_1.o
    0x00003b3e   0x00003b3e   0x0000003e   Code   RO         1016    CL$$btod_d2e        c_w.l(btod.o)
    0x00003b7c   0x00003b7c   0x00000046   Code   RO         1018    CL$$btod_d2e_denorm_low  c_w.l(btod.o)
    0x00003bc2   0x00003bc2   0x00000060   Code   RO         1017    CL$$btod_d2e_norm_op1  c_w.l(btod.o)
    0x00003c22   0x00003c22   0x00000002   PAD
    0x00003c24   0x00003c24   0x00000338   Code   RO         1026    CL$$btod_div_common  c_w.l(btod.o)
    0x00003f5c   0x00003f5c   0x000000dc   Code   RO         1023    CL$$btod_e2e        c_w.l(btod.o)
    0x00004038   0x00004038   0x0000002a   Code   RO         1020    CL$$btod_ediv       c_w.l(btod.o)
    0x00004062   0x00004062   0x0000002a   Code   RO         1019    CL$$btod_emul       c_w.l(btod.o)
    0x0000408c   0x0000408c   0x00000244   Code   RO         1025    CL$$btod_mult_common  c_w.l(btod.o)
    0x000042d0   0x000042d0   0x00000030   Code   RO         1056    i.__ARM_fpclassify  m_wm.l(fpclassify.o)
    0x00004300   0x00004300   0x0000000e   Code   RO          918    i._is_digit         c_w.l(__printf_wp.o)
    0x0000430e   0x0000430e   0x00000002   PAD
    0x00004310   0x00004310   0x0000002c   Code   RO         1041    locale$$code        c_w.l(lc_numeric_c.o)
    0x0000433c   0x0000433c   0x0000002c   Code   RO         1068    locale$$code        c_w.l(lc_ctype_c.o)
    0x00004368   0x00004368   0x0000001a   Code   RO          851    x$fpl$fpinit        fz_wm.l(fpinit.o)
    0x00004382   0x00004382   0x00000004   Code   RO          955    x$fpl$printf1       fz_wm.l(printf1.o)
    0x00004386   0x00004386   0x00000004   Code   RO          957    x$fpl$printf2       fz_wm.l(printf2.o)
    0x0000438a   0x0000438a   0x00000000   Code   RO         1055    x$fpl$usenofp       fz_wm.l(usenofp.o)
    0x0000438a   0x0000438a   0x00000002   PAD
    0x0000438c   0x0000438c   0x00000008   Data   RO          877    .constdata          c_w.l(_printf_wctomb.o)
    0x00004394   0x00004394   0x00000028   Data   RO          906    .constdata          c_w.l(_printf_hex_int_ll_ptr.o)
    0x000043bc   0x000043bc   0x00000011   Data   RO          926    .constdata          c_w.l(__printf_flags_ss_wp.o)
    0x000043cd   0x000043cd   0x00000026   Data   RO          989    .constdata          c_w.l(_printf_fp_hex.o)
    0x000043f3   0x000043f3   0x00000001   PAD
    0x000043f4   0x000043f4   0x00000094   Data   RO         1014    .constdata          c_w.l(bigflt0.o)
    0x00004488   0x00004488   0x0000000f   Data   RO            4    .rodata.str1.1      main_1.o
    0x00004497   0x00004497   0x00000003   Data   RO           66    .rodata.str1.1      lcd.o
    0x0000449a   0x0000449a   0x00000002   PAD
    0x0000449c   0x0000449c   0x00000020   Data   RO         1195    Region$$Table       anon$$obj.o
    0x000044bc   0x000044bc   0x0000001c   Data   RO         1040    locale$$data        c_w.l(lc_numeric_c.o)
    0x000044d8   0x000044d8   0x00000110   Data   RO         1067    locale$$data        c_w.l(lc_ctype_c.o)


    Execution Region ER_RW (Exec base: 0x20000000, Load base: 0x000045e8, Size: 0x00000004, Max: 0xffffffff, ABSOLUTE)

    Exec Addr    Load Addr    Size         Type   Attr      Idx    E Section Name        Object

    0x20000000   0x000045e8   0x00000004   Data   RW          440    .data.uxCriticalNesting  port.o


    Execution Region ER_ZI (Exec base: 0x20000008, Load base: 0x000045ec, Size: 0x000028e0, Max: 0xffffffff, ABSOLUTE)

    Exec Addr    Load Addr    Size         Type   Attr      Idx    E Section Name        Object

    0x20000008        -       0x00000060   Zero   RW         1059    .bss                c_w.l(libspace.o)
    0x20000068        -       0x00000190   Zero   RW          103    .bss.clib_mutex_cb  clib_os.o
    0x200001f8        -       0x00000014   Zero   RW          102    .bss.clib_mutex_id  clib_os.o
    0x2000020c        -       0x00000004   Zero   RW           64    .bss.lcdMutex       lcd.o
    0x20000210        -       0x00000004   Zero   RW          715    .bss.pxCurrentTCB   tasks_1.o
    0x20000214        -       0x00000004   Zero   RW          722    .bss.pxDelayedTaskList  tasks_1.o
    0x20000218        -       0x00000004   Zero   RW          468    .bss.pxEnd          heap_4.o
    0x2000021c        -       0x00000004   Zero   RW          723    .bss.pxOverflowDelayedTaskList  tasks_1.o
    0x20000220        -       0x00000460   Zero   RW          726    .bss.pxReadyTasksLists  tasks_1.o
    0x20000680        -       0x00002000   Zero   RW          474    .bss.ucHeap         heap_4.o
    0x20002680        -       0x00000004   Zero   RW          720    .bss.uxCurrentNumberOfTasks  tasks_1.o
    0x20002684        -       0x00000004   Zero   RW          728    .bss.uxSchedulerSuspended  tasks_1.o
    0x20002688        -       0x00000004   Zero   RW          727    .bss.uxTopReadyPriority  tasks_1.o
    0x2000268c        -       0x00000004   Zero   RW          469    .bss.xFreeBytesRemaining  heap_4.o
    0x20002690        -       0x00000004   Zero   RW          471    .bss.xMinimumEverFreeBytesRemaining  heap_4.o
    0x20002694        -       0x00000004   Zero   RW          730    .bss.xNextTaskUnblockTime  tasks_1.o
    0x20002698        -       0x00000004   Zero   RW          734    .bss.xNumOfOverflows  tasks_1.o
    0x2000269c        -       0x00000004   Zero   RW          472    .bss.xNumberOfSuccessfulAllocations  heap_4.o
    0x200026a0        -       0x00000004   Zero   RW          473    .bss.xNumberOfSuccessfulFrees  heap_4.o
    0x200026a4        -       0x00000004   Zero   RW          733    .bss.xPendedTicks   tasks_1.o
    0x200026a8        -       0x00000014   Zero   RW          724    .bss.xPendingReadyList  tasks_1.o
    0x200026bc        -       0x00000004   Zero   RW          717    .bss.xSchedulerRunning  tasks_1.o
    0x200026c0        -       0x00000008   Zero   RW          470    .bss.xStart         heap_4.o
    0x200026c8        -       0x00000014   Zero   RW          725    .bss.xSuspendedTaskList  tasks_1.o
    0x200026dc        -       0x00000004   Zero   RW          721    .bss.xTickCount     tasks_1.o
    0x200026e0        -       0x00000004   Zero   RW          729    .bss.xYieldPendings  tasks_1.o
    0x200026e4   0x000045ec   0x00000004   PAD
    0x200026e8        -       0x00000000   Zero   RW          336    HEAP                startup_tm4c123.o
    0x200026e8        -       0x00000200   Zero   RW          335    STACK               startup_tm4c123.o


==============================================================================

Image component sizes


      Code (inc. data)   RO Data    RW Data    ZI Data      Debug   Object Name

       422          0          0          0        420       4311   clib_os.o
        40          0          0          0          0      29883   cmsis_os2.o
       942          0          0          0       8220       4534   heap_4.o
      1222          0          3          0          4       9043   lcd.o
       224          0          0          0          0       2349   list.o
        58          0         15          0          0        491   main_1.o
       284          8          0          4          0       2956   port.o
      1966          0          0          0          0      14897   queue.o
        10          0          0          0          0       1712   retarget.o
       276         24        620          0        512       5496   startup_tm4c123.o
       268          0          0          0          0       6807   system_tm4c123.o
      3566          0          0          0       1208      27386   tasks_1.o

    ----------------------------------------------------------------------
      9366         44        672          4      10368     109865   Object Totals
         0          0         32          0          0          0   (incl. Generated)
        88         12          2          0          4          0   (incl. Padding)

    ----------------------------------------------------------------------

      Code (inc. data)   RO Data    RW Data    ZI Data      Debug   Library Member Name

         8          0          0          0          0         68   __main.o
       392          4         17          0          0         92   __printf_flags_ss_wp.o
        14          0          0          0          0         68   __printf_wp.o
         0          0          0          0          0          0   __rtentry.o
        20          0          0          0          0          0   __rtentry2.o
         6          0          0          0          0          0   __rtentry4.o
        52          8          0          0          0          0   __scatter.o
        26          0          0          0          0          0   __scatter_copy.o
        28          0          0          0          0          0   __scatter_zi.o
        72          0          0          0          0         96   _c16rtomb.o
         6          0          0          0          0          0   _printf_a.o
         6          0          0          0          0          0   _printf_c.o
        44          0          0          0          0        108   _printf_char.o
        48          6          0          0          0         96   _printf_char_common.o
        40          0          0          0          0         68   _printf_charcount.o
         6          0          0          0          0          0   _printf_d.o
       120         16          0          0          0         92   _printf_dec.o
         6          0          0          0          0          0   _printf_e.o
         6          0          0          0          0          0   _printf_f.o
      1052          0          0          0          0        148   _printf_fp_dec.o
       764          8         38          0          0        100   _printf_fp_hex.o
       128         16          0          0          0         84   _printf_fp_infnan.o
         6          0          0          0          0          0   _printf_g.o
       148          4         40          0          0        160   _printf_hex_int_ll_ptr.o
         6          0          0          0          0          0   _printf_i.o
       178          0          0          0          0         88   _printf_intcommon.o
        10          0          0          0          0          0   _printf_l.o
         6          0          0          0          0          0   _printf_lc.o
        10          0          0          0          0          0   _printf_ll.o
         6          0          0          0          0          0   _printf_lld.o
         6          0          0          0          0          0   _printf_lli.o
         6          0          0          0          0          0   _printf_llo.o
         6          0          0          0          0          0   _printf_llu.o
         6          0          0          0          0          0   _printf_llx.o
       124         16          0          0          0         92   _printf_longlong_dec.o
         6          0          0          0          0          0   _printf_ls.o
         6          0          0          0          0          0   _printf_n.o
         6          0          0          0          0          0   _printf_o.o
       112          8          0          0          0        124   _printf_oct_int_ll.o
         6          0          0          0          0          0   _printf_p.o
        78          0          0          0          0        108   _printf_pad.o
         0          0          0          0          0          0   _printf_percent.o
         4          0          0          0          0          0   _printf_percent_end.o
         6          0          0          0          0          0   _printf_s.o
        82          0          0          0          0         80   _printf_str.o
        36          0          0          0          0         84   _printf_truncate.o
         6          0          0          0          0          0   _printf_u.o
        44          0          0          0          0        108   _printf_wchar.o
       188          6          8          0          0         92   _printf_wctomb.o
         6          0          0          0          0          0   _printf_x.o
        16          0          0          0          0         68   _snputc.o
       228          4        148          0          0         96   bigflt0.o
      1936        128          0          0          0        668   btod.o
        18          0          0          0          0         80   exit.o
         6          0          0          0          0        152   heapauxi.o
        44         10        272          0          0         76   lc_ctype_c.o
        44         10         28          0          0         76   lc_numeric_c.o
         2          0          0          0          0          0   libinit.o
        34          0          0          0          0          0   libinit2.o
         2          0          0          0          0          0   libshutdown.o
         2          0          0          0          0          0   libshutdown2.o
         8          4          0          0         96         68   libspace.o
       138          0          0          0          0         80   lludiv10.o
       240          0          0          0          0        100   lludivv7m.o
        16          4          0          0          0         76   rt_ctype_table.o
        10          0          0          0          0         76   rt_locale_twolibspace.o
       138          0          0          0          0         68   rt_memcpy_v6.o
       100          0          0          0          0         80   rt_memcpy_w.o
         2          0          0          0          0          0   rtexit.o
        10          0          0          0          0          0   rtexit2.o
        64          6          0          0          0         84   snprintf.o
       124          0          0          0          0         88   strcmpv7em.o
        74          0          0          0          0         80   sys_stackheap_outer.o
        26          0          0          0          0        116   fpinit.o
         4          0          0          0          0        116   printf1.o
         4          0          0          0          0        116   printf2.o
         0          0          0          0          0          0   usenofp.o
        48          0          0          0          0        124   fpclassify.o

    ----------------------------------------------------------------------
      7306        258        552          0         96       4444   Library Totals
        20          0          1          0          0          0   (incl. Padding)

    ----------------------------------------------------------------------

      Code (inc. data)   RO Data    RW Data    ZI Data      Debug   Library Name

      7204        258        551          0         96       3972   c_w.l
        34          0          0          0          0        348   fz_wm.l
        48          0          0          0          0        124   m_wm.l

    ----------------------------------------------------------------------
      7306        258        552          0         96       4444   Library Totals

    ----------------------------------------------------------------------

==============================================================================


      Code (inc. data)   RO Data    RW Data    ZI Data      Debug   

     16672        302       1224          4      10464     111829   Grand Totals
     16672        302       1224          4      10464     111829   ELF Image Totals
     16672        302       1224          4          0          0   ROM Totals

==============================================================================

    Total RO  Size (Code + RO Data)                17896 (  17.48kB)
    Total RW  Size (RW Data + ZI Data)             10468 (  10.22kB)
    Total ROM Size (Code + RO Data + RW Data)      17900 (  17.48kB)

==============================================================================

